Executing action: reconfigure
Running cmake in directory /media/cloud/2982-E16B/tactility_p4_work/repos/TactilityApps/Apps/CascadeTerrace/build-p4-native
Executing "cmake -G Ninja -DPYTHON_DEPS_CHECKED=1 -DPYTHON=/media/cloud/2982-E16B/tactility_p4_work/tools/espressif-idf6/python_env/idf6.1_py3.13_env/bin/python -DESP_PLATFORM=1 -DIDF_TARGET=esp32p4 -DCT_PRESENT_PIE=OFF -DCT_PRESENT_PPA=OFF -DCCACHE_ENABLE=False /media/cloud/2982-E16B/tactility_p4_work/repos/TactilityApps/Apps/CascadeTerrace"...
-- Minimal build - OFF
-- Building ESP-IDF components for target esp32p4
-- ESP-TEE is currently supported only on the esp32c6;esp32h2;esp32c5 SoCs
-- Project sdkconfig file /media/cloud/2982-E16B/tactility_p4_work/repos/TactilityApps/Apps/CascadeTerrace/sdkconfig
Loading defaults file /media/cloud/2982-E16B/tactility_p4_work/repos/TactilityApps/Apps/CascadeTerrace/sdkconfig.defaults...
NOTE: /tmp/kconfgen_tmpi3gaay2y:15: CONFIG_ESP_SYSTEM_MEMPROT_FEATURE_LOCK was replaced with CONFIG_ESP_SYSTEM_MEMPROT_PMS_LOCK
NOTE: unknown kconfig symbol 'FATFS_LFN_HEAP' assigned to 'y' in /media/cloud/2982-E16B/tactility_p4_work/repos/TactilityApps/Apps/CascadeTerrace/sdkconfig.defaults
NOTE: unknown kconfig symbol 'FATFS_VOLUME_COUNT' assigned to '3' in /media/cloud/2982-E16B/tactility_p4_work/repos/TactilityApps/Apps/CascadeTerrace/sdkconfig.defaults
NOTE: Kconfig parser version: 1
NOTE: Kconfig defaults policy: use sdkconfig
NOTE: Status: Finished with notifications
NOTE: /media/cloud/2982-E16B/tactility_p4_work/tools/esp-idf-v6.1/components/esp_system/Kconfig:201: ESP_SYSTEM_MEMPROT_PMS_LOCK has user-set value n from /tmp/kconfgen_tmpi3gaay2y but is not visible (disabled dependency)
NOTE: /media/cloud/2982-E16B/tactility_p4_work/tools/esp-idf-v6.1/components/freertos/Kconfig:7: FREERTOS_SMP has user-set value n from /tmp/kconfgen_tmpi3gaay2y but is not visible (disabled dependency)
-- Adding linker script /media/cloud/2982-E16B/tactility_p4_work/tools/esp-idf-v6.1/components/riscv/ld/rom.api.ld
-- App "cascadeterrace" version: 841bf99-dirty
-- USING O3
-- Adding linker script /media/cloud/2982-E16B/tactility_p4_work/tools/esp-idf-v6.1/components/esp_system/ld/esp32p4/memory.ld.in
--   -> Preprocessing .in script: /media/cloud/2982-E16B/tactility_p4_work/tools/esp-idf-v6.1/components/esp_system/ld/esp32p4/memory.ld.in
-- Adding linker script /media/cloud/2982-E16B/tactility_p4_work/tools/esp-idf-v6.1/components/esp_system/ld/esp32p4/sections.ld.in
--   -> Preprocessing .in script: /media/cloud/2982-E16B/tactility_p4_work/tools/esp-idf-v6.1/components/esp_system/ld/esp32p4/sections.ld.in
--   -> Applying ldgen processing: /media/cloud/2982-E16B/tactility_p4_work/repos/TactilityApps/Apps/CascadeTerrace/build-p4-native/esp-idf/esp_system/ld/sections.ld.in
-- Adding linker script /media/cloud/2982-E16B/tactility_p4_work/tools/esp-idf-v6.1/components/esp_rom/esp32p4/ld/esp32p4.rom.ld
-- Adding linker script /media/cloud/2982-E16B/tactility_p4_work/tools/esp-idf-v6.1/components/esp_rom/esp32p4/ld/esp32p4.rom.api.ld
-- Adding linker script /media/cloud/2982-E16B/tactility_p4_work/tools/esp-idf-v6.1/components/esp_rom/esp32p4/ld/esp32p4.rom.rvfp.ld
-- Adding linker script /media/cloud/2982-E16B/tactility_p4_work/tools/esp-idf-v6.1/components/esp_rom/esp32p4/ld/esp32p4.rom.wdt.ld
-- Adding linker script /media/cloud/2982-E16B/tactility_p4_work/tools/esp-idf-v6.1/components/esp_rom/esp32p4/ld/esp32p4.rom.systimer.ld
-- Adding linker script /media/cloud/2982-E16B/tactility_p4_work/tools/esp-idf-v6.1/components/esp_rom/esp32p4/ld/esp32p4.rom.version.ld
-- Adding linker script /media/cloud/2982-E16B/tactility_p4_work/tools/esp-idf-v6.1/components/esp_rom/esp32p4/ld/esp32p4.rom.libc.ld
-- Adding linker script /media/cloud/2982-E16B/tactility_p4_work/tools/esp-idf-v6.1/components/esp_rom/esp32p4/ld/esp32p4.rom.newlib.ld
-- Adding linker script /media/cloud/2982-E16B/tactility_p4_work/tools/esp-idf-v6.1/components/soc/esp32p4/ld/esp32p4.peripherals.ld
CMake Warning at /media/cloud/2982-E16B/tactility_p4_work/tools/esp-idf-v6.1/tools/cmake/component_validation.cmake:86 (message):
  Include directory
  '/media/cloud/2982-E16B/tactility_p4_work/tools/TactilitySDK/Modules/lvgl-module/include'
  belongs to component lvgl-module but is being used by component
  TactilitySDK.  It is recommended to define the component dependency for
  'TactilitySDK' on the component lvgl-module, i.e.
  'idf_component_register(...  REQUIRES lvgl-module)' in the CMakeLists.txt
  of TactilitySDK, and specify the included directory as
  idf_component_register(...  INCLUDE_DIRS <dir relative to component>) in
  the CMakeLists.txt of component lvgl-module.
Call Stack (most recent call first):
  /media/cloud/2982-E16B/tactility_p4_work/tools/esp-idf-v6.1/tools/cmake/component_validation.cmake:130 (__component_validation_check_include_dirs)
  /media/cloud/2982-E16B/tactility_p4_work/tools/esp-idf-v6.1/CMakeLists.txt:338 (__component_validation_run_checks)


-- Components: TactilitySDK app-module app_update bootloader bootloader_support crypt-module cxx efuse esp_app_format esp_blockdev esp_bootloader_format esp_common esp_driver_gpio esp_driver_ppa esp_hal_dma esp_hal_i2c esp_hal_lcd esp_hal_mspi esp_hal_timg esp_hal_wdt esp_hw_support esp_libc esp_mm esp_partition esp_pm esp_rom esp_security esp_stdio esp_system esp_timer esp_usb_cdc_rom_console esptool_py freertos gps-module hal heap log lvgl-module lvgl-window-manager-module main mbedtls partition_table pthread riscv service-module soc spi_flash
-- Component paths: /media/cloud/2982-E16B/tactility_p4_work/tools/TactilitySDK /media/cloud/2982-E16B/tactility_p4_work/tools/TactilitySDK/Modules/app-module /media/cloud/2982-E16B/tactility_p4_work/tools/esp-idf-v6.1/components/app_update /media/cloud/2982-E16B/tactility_p4_work/tools/esp-idf-v6.1/components/bootloader /media/cloud/2982-E16B/tactility_p4_work/tools/esp-idf-v6.1/components/bootloader_support /media/cloud/2982-E16B/tactility_p4_work/tools/TactilitySDK/Modules/crypt-module /media/cloud/2982-E16B/tactility_p4_work/tools/esp-idf-v6.1/components/cxx /media/cloud/2982-E16B/tactility_p4_work/tools/esp-idf-v6.1/components/efuse /media/cloud/2982-E16B/tactility_p4_work/tools/esp-idf-v6.1/components/esp_app_format /media/cloud/2982-E16B/tactility_p4_work/tools/esp-idf-v6.1/components/esp_blockdev /media/cloud/2982-E16B/tactility_p4_work/tools/esp-idf-v6.1/components/esp_bootloader_format /media/cloud/2982-E16B/tactility_p4_work/tools/esp-idf-v6.1/components/esp_common /media/cloud/2982-E16B/tactility_p4_work/tools/esp-idf-v6.1/components/esp_driver_gpio /media/cloud/2982-E16B/tactility_p4_work/tools/esp-idf-v6.1/components/esp_driver_ppa /media/cloud/2982-E16B/tactility_p4_work/tools/esp-idf-v6.1/components/esp_hal_dma /media/cloud/2982-E16B/tactility_p4_work/tools/esp-idf-v6.1/components/esp_hal_i2c /media/cloud/2982-E16B/tactility_p4_work/tools/esp-idf-v6.1/components/esp_hal_lcd /media/cloud/2982-E16B/tactility_p4_work/tools/esp-idf-v6.1/components/esp_hal_mspi /media/cloud/2982-E16B/tactility_p4_work/tools/esp-idf-v6.1/components/esp_hal_timg /media/cloud/2982-E16B/tactility_p4_work/tools/esp-idf-v6.1/components/esp_hal_wdt /media/cloud/2982-E16B/tactility_p4_work/tools/esp-idf-v6.1/components/esp_hw_support /media/cloud/2982-E16B/tactility_p4_work/tools/esp-idf-v6.1/components/esp_libc /media/cloud/2982-E16B/tactility_p4_work/tools/esp-idf-v6.1/components/esp_mm /media/cloud/2982-E16B/tactility_p4_work/tools/esp-idf-v6.1/components/esp_partition /media/cloud/2982-E16B/tactility_p4_work/tools/esp-idf-v6.1/components/esp_pm /media/cloud/2982-E16B/tactility_p4_work/tools/esp-idf-v6.1/components/esp_rom /media/cloud/2982-E16B/tactility_p4_work/tools/esp-idf-v6.1/components/esp_security /media/cloud/2982-E16B/tactility_p4_work/tools/esp-idf-v6.1/components/esp_stdio /media/cloud/2982-E16B/tactility_p4_work/tools/esp-idf-v6.1/components/esp_system /media/cloud/2982-E16B/tactility_p4_work/tools/esp-idf-v6.1/components/esp_timer /media/cloud/2982-E16B/tactility_p4_work/tools/esp-idf-v6.1/components/esp_usb_cdc_rom_console /media/cloud/2982-E16B/tactility_p4_work/tools/esp-idf-v6.1/components/esptool_py /media/cloud/2982-E16B/tactility_p4_work/tools/esp-idf-v6.1/components/freertos /media/cloud/2982-E16B/tactility_p4_work/tools/TactilitySDK/Modules/gps-module /media/cloud/2982-E16B/tactility_p4_work/tools/esp-idf-v6.1/components/hal /media/cloud/2982-E16B/tactility_p4_work/tools/esp-idf-v6.1/components/heap /media/cloud/2982-E16B/tactility_p4_work/tools/esp-idf-v6.1/components/log /media/cloud/2982-E16B/tactility_p4_work/tools/TactilitySDK/Modules/lvgl-module /media/cloud/2982-E16B/tactility_p4_work/tools/TactilitySDK/Modules/lvgl-window-manager-module /media/cloud/2982-E16B/tactility_p4_work/repos/TactilityApps/Apps/CascadeTerrace/main /media/cloud/2982-E16B/tactility_p4_work/tools/esp-idf-v6.1/components/mbedtls /media/cloud/2982-E16B/tactility_p4_work/tools/esp-idf-v6.1/components/partition_table /media/cloud/2982-E16B/tactility_p4_work/tools/esp-idf-v6.1/components/pthread /media/cloud/2982-E16B/tactility_p4_work/tools/esp-idf-v6.1/components/riscv /media/cloud/2982-E16B/tactility_p4_work/tools/TactilitySDK/Modules/service-module /media/cloud/2982-E16B/tactility_p4_work/tools/esp-idf-v6.1/components/soc /media/cloud/2982-E16B/tactility_p4_work/tools/esp-idf-v6.1/components/spi_flash
-- Configuring done (5.7s)
-- Generating done (0.4s)
-- Build files have been written to: /media/cloud/2982-E16B/tactility_p4_work/repos/TactilityApps/Apps/CascadeTerrace/build-p4-native
Executing action: elf
Running ninja in directory /media/cloud/2982-E16B/tactility_p4_work/repos/TactilityApps/Apps/CascadeTerrace/build-p4-native
Executing "ninja elf"...
[1/23] Building C object esp-idf/main/CMakeFiles/__idf_main.dir/presentation_p4.c.obj
[2/23] Building C object esp-idf/main/CMakeFiles/__idf_main.dir/__/world/schema.c.obj
[3/23] Building C object esp-idf/main/CMakeFiles/__idf_main.dir/__/core/presentation.c.obj
[4/23] Building C object esp-idf/main/CMakeFiles/__idf_main.dir/__/world/geometry.c.obj
[5/23] Building C object esp-idf/main/CMakeFiles/__idf_main.dir/__/world/state.c.obj
[6/23] Building C object esp-idf/main/CMakeFiles/__idf_main.dir/__/world/recipe.c.obj
[7/23] Building C object esp-idf/main/CMakeFiles/__idf_main.dir/__/world/resource.c.obj
[8/23] Building C object esp-idf/main/CMakeFiles/__idf_main.dir/__/content/cascade_adapter.c.obj
[9/23] Building C object esp-idf/main/CMakeFiles/__idf_main.dir/__/world/traversal.c.obj
[10/23] Building C object esp-idf/main/CMakeFiles/__idf_main.dir/__/core/general_dialogue.c.obj
[11/23] Building C object esp-idf/main/CMakeFiles/__idf_main.dir/main.c.obj
In file included from /media/cloud/2982-E16B/tactility_p4_work/tools/TactilitySDK/Libraries/lvgl/include/src/lv_init.h:16,
                 from /media/cloud/2982-E16B/tactility_p4_work/tools/TactilitySDK/Libraries/lvgl/include/lvgl.h:21,
                 from /media/cloud/2982-E16B/tactility_p4_work/repos/TactilityApps/Apps/CascadeTerrace/main/main.c:11:
/media/cloud/2982-E16B/tactility_p4_work/tools/TactilitySDK/Libraries/lvgl/include/src/lv_conf_internal.h:65:17: note: '#pragma message: Possible failure to include lv_conf.h, please read the comment in this file if you get errors'
   65 |         #pragma message("Possible failure to include lv_conf.h, please read the comment in this file if you get errors")
      |                 ^~~~~~~
[12/23] Building C object esp-idf/main/CMakeFiles/__idf_main.dir/semantic-portable.c.obj
[13/23] Building C object esp-idf/main/CMakeFiles/__idf_main.dir/__/world/persistence.c.obj
[14/23] Building C object esp-idf/main/CMakeFiles/__idf_main.dir/__/world/creature.c.obj
[15/23] Building C object esp-idf/main/CMakeFiles/__idf_main.dir/__/core/world.c.obj
[16/23] Building C object esp-idf/main/CMakeFiles/__idf_main.dir/__/core/decision.c.obj
[17/23] Building C object esp-idf/main/CMakeFiles/__idf_main.dir/__/research/rung_a/cognition.c.obj
[18/23] Building C object esp-idf/main/CMakeFiles/__idf_main.dir/__/core/persistence.c.obj
[19/23] Building C object esp-idf/main/CMakeFiles/__idf_main.dir/__/core/state.c.obj
[20/23] Building C object esp-idf/main/CMakeFiles/__idf_main.dir/__/core/dialogue.c.obj
[21/23] Building C object esp-idf/main/CMakeFiles/__idf_main.dir/__/core/render.c.obj
[22/23] Linking C static library esp-idf/main/libmain.a
[23/23] Build ELF: cascadeterrace.app.elf
