Executing action: reconfigure
Running cmake in directory /media/cloud/2982-E16B/tactility_p4_work/repos/TactilityApps/Apps/CascadeTerrace/build-p4-native
Executing "cmake -G Ninja -B /media/cloud/2982-E16B/tactility_p4_work/repos/TactilityApps/Apps/CascadeTerrace/build-p4-native -DPYTHON_DEPS_CHECKED=1 -DPYTHON=/media/cloud/2982-E16B/tactility_p4_work/tools/espressif-idf6/python_env/idf6.1_py3.13_env/bin/python -DESP_PLATFORM=1 -DIDF_TARGET=esp32p4 -DCCACHE_ENABLE=False /media/cloud/2982-E16B/tactility_p4_work/repos/TactilityApps/Apps/CascadeTerrace"...
-- Found Git: /usr/bin/git (found version "2.47.3")
-- Component directory /media/cloud/2982-E16B/tactility_p4_work/tools/esp-idf-v6.1/components/mqtt does not contain a CMakeLists.txt file. No component will be added
-- Minimal build - OFF
-- The C compiler identification is GNU 15.2.0
-- The CXX compiler identification is GNU 15.2.0
-- The ASM compiler identification is GNU
-- Found assembler: /media/cloud/2982-E16B/tactility_p4_work/tools/espressif-idf6/tools/riscv32-esp-elf/esp-15.2.0_20251204/riscv32-esp-elf/bin/riscv32-esp-elf-gcc
-- Detecting C compiler ABI info
-- Detecting C compiler ABI info - done
-- Check for working C compiler: /media/cloud/2982-E16B/tactility_p4_work/tools/espressif-idf6/tools/riscv32-esp-elf/esp-15.2.0_20251204/riscv32-esp-elf/bin/riscv32-esp-elf-gcc - skipped
-- Detecting C compile features
-- Detecting C compile features - done
-- Detecting CXX compiler ABI info
-- Detecting CXX compiler ABI info - done
-- Check for working CXX compiler: /media/cloud/2982-E16B/tactility_p4_work/tools/espressif-idf6/tools/riscv32-esp-elf/esp-15.2.0_20251204/riscv32-esp-elf/bin/riscv32-esp-elf-g++ - skipped
-- Detecting CXX compile features
-- Detecting CXX compile features - done
-- Building ESP-IDF components for target esp32p4
-- KCONFIG_REPORT_VERBOSITY not set, using default
-- Project sdkconfig file /media/cloud/2982-E16B/tactility_p4_work/repos/TactilityApps/Apps/CascadeTerrace/sdkconfig
Loading defaults file /media/cloud/2982-E16B/tactility_p4_work/repos/TactilityApps/Apps/CascadeTerrace/sdkconfig.defaults...
NOTE: /tmp/kconfgen_tmpkzhfjo75:15: CONFIG_ESP_SYSTEM_MEMPROT_FEATURE_LOCK was replaced with CONFIG_ESP_SYSTEM_MEMPROT_PMS_LOCK
NOTE: unknown kconfig symbol 'FATFS_LFN_HEAP' assigned to 'y' in /media/cloud/2982-E16B/tactility_p4_work/repos/TactilityApps/Apps/CascadeTerrace/sdkconfig.defaults
NOTE: unknown kconfig symbol 'FATFS_VOLUME_COUNT' assigned to '3' in /media/cloud/2982-E16B/tactility_p4_work/repos/TactilityApps/Apps/CascadeTerrace/sdkconfig.defaults
Default value for ESP32P4_SELECTS_REV_LESS_V3 in sdkconfig is y but it is n according to Kconfig.
Using default value from sdkconfig (y).
Default value for ESP_SLEEP_GPIO_RESET_WORKAROUND in sdkconfig is n but it is y according to Kconfig.
Using default value from sdkconfig (n).
Default value for PM_SLEEP_FUNC_IN_IRAM in sdkconfig is y but it is n according to Kconfig.
Using default value from sdkconfig (y).
Default value for MBEDTLS_THREADING_C in sdkconfig is n but it is y according to Kconfig.
Using default value from sdkconfig (n).
Default value for MBEDTLS_ARIA_C in sdkconfig is y but it is n according to Kconfig.
Using default value from sdkconfig (y).
Default value for MBEDTLS_DHM_C in sdkconfig is y but it is n according to Kconfig.
Using default value from sdkconfig (y).
Default value for MBEDTLS_SHA3_C in sdkconfig is y but it is n according to Kconfig.
Using default value from sdkconfig (y).
Default value for MBEDTLS_LARGE_KEY_SOFTWARE_MPI in sdkconfig is n but it is y according to Kconfig.
Using default value from sdkconfig (n).
NOTE: Kconfig parser version: 1
NOTE: Kconfig defaults policy: use sdkconfig
NOTE: Status: Finished with notifications
NOTE: /media/cloud/2982-E16B/tactility_p4_work/tools/esp-idf-v6.1/components/mbedtls/Kconfig:1113: MBEDTLS_DHM_C: Kconfig default value: n, sdkconfig default value: y, using y from sdkconfig
NOTE: /media/cloud/2982-E16B/tactility_p4_work/tools/esp-idf-v6.1/components/mbedtls/Kconfig:900: MBEDTLS_ARIA_C: Kconfig default value: n, sdkconfig default value: y, using y from sdkconfig
NOTE: /media/cloud/2982-E16B/tactility_p4_work/tools/esp-idf-v6.1/components/mbedtls/Kconfig:65: MBEDTLS_THREADING_C: Kconfig default value: y, sdkconfig default value: n, using n from sdkconfig
NOTE: /media/cloud/2982-E16B/tactility_p4_work/tools/esp-idf-v6.1/components/esp_hw_support/./port/esp32p4/Kconfig.hw_support:4: ESP32P4_SELECTS_REV_LESS_V3: Kconfig default value: n, sdkconfig default value: y, using y from sdkconfig
NOTE: /media/cloud/2982-E16B/tactility_p4_work/tools/esp-idf-v6.1/components/esp_hw_support/Kconfig:143: ESP_SLEEP_GPIO_RESET_WORKAROUND: Kconfig default value: y, sdkconfig default value: n, using n from sdkconfig
NOTE: /media/cloud/2982-E16B/tactility_p4_work/tools/esp-idf-v6.1/components/mbedtls/Kconfig:1248: MBEDTLS_SHA3_C: Kconfig default value: n, sdkconfig default value: y, using y from sdkconfig
NOTE: /media/cloud/2982-E16B/tactility_p4_work/tools/esp-idf-v6.1/components/esp_pm/Kconfig:3: PM_SLEEP_FUNC_IN_IRAM: Kconfig default value: n, sdkconfig default value: y, using y from sdkconfig
NOTE: /media/cloud/2982-E16B/tactility_p4_work/tools/esp-idf-v6.1/components/mbedtls/Kconfig:1387: MBEDTLS_LARGE_KEY_SOFTWARE_MPI: Kconfig default value: y, sdkconfig default value: n, using n from sdkconfig
NOTE: /media/cloud/2982-E16B/tactility_p4_work/tools/esp-idf-v6.1/components/esp_hw_support/./port/esp32p4/Kconfig.hw_support:13: ESP32P4_REV_MIN: Kconfig default selection: ESP32P4_REV_MIN_0, sdkconfig default selection: ESP32P4_REV_MIN_1, using ESP32P4_REV_MIN_1 from sdkconfig
NOTE: /media/cloud/2982-E16B/tactility_p4_work/tools/esp-idf-v6.1/components/mbedtls/Kconfig:9: MBEDTLS_COMPILER_OPTIMIZATION: Kconfig default selection: MBEDTLS_COMPILER_OPTIMIZATION_SIZE, sdkconfig default selection: MBEDTLS_COMPILER_OPTIMIZATION_NONE, using MBEDTLS_COMPILER_OPTIMIZATION_NONE from sdkconfig
NOTE: /media/cloud/2982-E16B/tactility_p4_work/tools/esp-idf-v6.1/components/esp_system/Kconfig:202: ESP_SYSTEM_MEMPROT_PMS_LOCK has user-set value n from /tmp/kconfgen_tmpkzhfjo75 but is not visible (disabled dependency)
NOTE: /media/cloud/2982-E16B/tactility_p4_work/tools/esp-idf-v6.1/components/freertos/Kconfig:7: FREERTOS_SMP has user-set value n from /tmp/kconfgen_tmpkzhfjo75 but is not visible (disabled dependency)
-- Detecting C compiler ABI info
-- Detecting C compiler ABI info - done
-- Detecting CXX compiler ABI info
-- Detecting CXX compiler ABI info - done
-- Detecting C compiler ABI info
-- Detecting C compiler ABI info - done
-- Detecting CXX compiler ABI info
-- Detecting CXX compiler ABI info - done
-- Detecting C compiler ABI info
-- Detecting C compiler ABI info - done
-- Detecting CXX compiler ABI info
-- Detecting CXX compiler ABI info - done
-- Adding linker script /media/cloud/2982-E16B/tactility_p4_work/tools/esp-idf-v6.1/components/riscv/ld/rom.api.ld
-- App "cascadeterrace" version: f47a60d-dirty
-- Found Python3: /media/cloud/2982-E16B/tactility_p4_work/tools/espressif-idf6/python_env/idf6.1_py3.13_env/bin/python (found version "3.13.5") found components: Interpreter
-- Performing Test CMAKE_HAVE_LIBC_PTHREAD
-- Performing Test CMAKE_HAVE_LIBC_PTHREAD - Success
-- Found Threads: TRUE
-- Performing Test C_COMPILER_SUPPORTS_WFORMAT_SIGNEDNESS
-- Performing Test C_COMPILER_SUPPORTS_WFORMAT_SIGNEDNESS - Success
-- Setting up mbedtls configuration
-- Adding linker script /media/cloud/2982-E16B/tactility_p4_work/tools/esp-idf-v6.1/components/esp_hal_wdt/esp32p4/rom.wdt.ld
-- Adding linker script /media/cloud/2982-E16B/tactility_p4_work/tools/esp-idf-v6.1/components/esp_system/ld/esp32p4/memory.ld.in
--   -> Preprocessing .in script: /media/cloud/2982-E16B/tactility_p4_work/tools/esp-idf-v6.1/components/esp_system/ld/esp32p4/memory.ld.in
-- Adding linker script /media/cloud/2982-E16B/tactility_p4_work/tools/esp-idf-v6.1/components/esp_system/ld/esp32p4/sections.ld.in
--   -> Preprocessing .in script: /media/cloud/2982-E16B/tactility_p4_work/tools/esp-idf-v6.1/components/esp_system/ld/esp32p4/sections.ld.in
--   -> Applying ldgen processing: /media/cloud/2982-E16B/tactility_p4_work/repos/TactilityApps/Apps/CascadeTerrace/build-p4-native/esp-idf/esp_system/ld/sections.ld.in
-- Adding linker script /media/cloud/2982-E16B/tactility_p4_work/tools/esp-idf-v6.1/components/esp_rom/esp32p4/ld/esp32p4.rom.eco0_4.ld
-- Adding linker script /media/cloud/2982-E16B/tactility_p4_work/tools/esp-idf-v6.1/components/esp_rom/esp32p4/ld/esp32p4.rom.api.ld
-- Adding linker script /media/cloud/2982-E16B/tactility_p4_work/tools/esp-idf-v6.1/components/esp_rom/esp32p4/ld/esp32p4.rom.eco0_4.rvfp.ld
-- Adding linker script /media/cloud/2982-E16B/tactility_p4_work/tools/esp-idf-v6.1/components/esp_rom/esp32p4/ld/esp32p4.rom.version.ld
-- Adding linker script /media/cloud/2982-E16B/tactility_p4_work/tools/esp-idf-v6.1/components/esp_rom/esp32p4/ld/esp32p4.rom.eco0_4.libc.ld
-- Adding linker script /media/cloud/2982-E16B/tactility_p4_work/tools/esp-idf-v6.1/components/esp_rom/esp32p4/ld/esp32p4.rom.eco0_4.newlib.ld
-- Adding linker script /media/cloud/2982-E16B/tactility_p4_work/tools/esp-idf-v6.1/components/soc/esp32p4/ld/esp32p4.peripherals.ld
-- Adding linker script /media/cloud/2982-E16B/tactility_p4_work/tools/esp-idf-v6.1/components/esp_hal_systimer/esp32p4/rom.systimer.ld
CMake Warning at /media/cloud/2982-E16B/tactility_p4_work/tools/esp-idf-v6.1/tools/cmake/component_validation.cmake:86 (message):
  Include directory
  '/media/cloud/2982-E16B/tactility_p4_work/repos/Tactility/release/TactilitySDK/0.8.0-dev-esp32p4/TactilitySDK/Modules/lvgl-module/include'
  belongs to component lvgl-module but is being used by component
  TactilitySDK.  It is recommended to define the component dependency for
  'TactilitySDK' on the component lvgl-module, i.e.
  'idf_component_register(...  REQUIRES lvgl-module)' in the CMakeLists.txt
  of TactilitySDK, and specify the included directory as
  idf_component_register(...  INCLUDE_DIRS <dir relative to component>) in
  the CMakeLists.txt of component lvgl-module.
Call Stack (most recent call first):
  /media/cloud/2982-E16B/tactility_p4_work/tools/esp-idf-v6.1/tools/cmake/component_validation.cmake:130 (__component_validation_check_include_dirs)
  /media/cloud/2982-E16B/tactility_p4_work/tools/esp-idf-v6.1/CMakeLists.txt:356 (__component_validation_run_checks)


-- Components: TactilitySDK app-module app_update bootloader bootloader_support crypt-module cxx efuse esp_app_format esp_blockdev esp_bootloader_format esp_common esp_driver_dma esp_driver_gpio esp_driver_ppa esp_hal_ana_conv esp_hal_cam esp_hal_clock esp_hal_dma esp_hal_gpio esp_hal_gpspi esp_hal_mspi esp_hal_pmu esp_hal_ppa esp_hal_regi2c esp_hal_rtc_timer esp_hal_security esp_hal_systimer esp_hal_timg esp_hal_touch_sens esp_hal_uart esp_hal_usb esp_hal_wdt esp_hw_support esp_libc esp_mm esp_partition esp_pm esp_rom esp_security esp_stdio esp_system esp_timer esp_usb_cdc_rom_console esptool_py freertos gps-module hal heap log lvgl-module lvgl-window-manager-module main mbedtls partition_table pthread riscv service-module soc spi_flash
-- Component paths: /media/cloud/2982-E16B/tactility_p4_work/repos/Tactility/release/TactilitySDK/0.8.0-dev-esp32p4/TactilitySDK /media/cloud/2982-E16B/tactility_p4_work/repos/Tactility/release/TactilitySDK/0.8.0-dev-esp32p4/TactilitySDK/Modules/app-module /media/cloud/2982-E16B/tactility_p4_work/tools/esp-idf-v6.1/components/app_update /media/cloud/2982-E16B/tactility_p4_work/tools/esp-idf-v6.1/components/bootloader /media/cloud/2982-E16B/tactility_p4_work/tools/esp-idf-v6.1/components/bootloader_support /media/cloud/2982-E16B/tactility_p4_work/repos/Tactility/release/TactilitySDK/0.8.0-dev-esp32p4/TactilitySDK/Modules/crypt-module /media/cloud/2982-E16B/tactility_p4_work/tools/esp-idf-v6.1/components/cxx /media/cloud/2982-E16B/tactility_p4_work/tools/esp-idf-v6.1/components/efuse /media/cloud/2982-E16B/tactility_p4_work/tools/esp-idf-v6.1/components/esp_app_format /media/cloud/2982-E16B/tactility_p4_work/tools/esp-idf-v6.1/components/esp_blockdev /media/cloud/2982-E16B/tactility_p4_work/tools/esp-idf-v6.1/components/esp_bootloader_format /media/cloud/2982-E16B/tactility_p4_work/tools/esp-idf-v6.1/components/esp_common /media/cloud/2982-E16B/tactility_p4_work/tools/esp-idf-v6.1/components/esp_driver_dma /media/cloud/2982-E16B/tactility_p4_work/tools/esp-idf-v6.1/components/esp_driver_gpio /media/cloud/2982-E16B/tactility_p4_work/tools/esp-idf-v6.1/components/esp_driver_ppa /media/cloud/2982-E16B/tactility_p4_work/tools/esp-idf-v6.1/components/esp_hal_ana_conv /media/cloud/2982-E16B/tactility_p4_work/tools/esp-idf-v6.1/components/esp_hal_cam /media/cloud/2982-E16B/tactility_p4_work/tools/esp-idf-v6.1/components/esp_hal_clock /media/cloud/2982-E16B/tactility_p4_work/tools/esp-idf-v6.1/components/esp_hal_dma /media/cloud/2982-E16B/tactility_p4_work/tools/esp-idf-v6.1/components/esp_hal_gpio /media/cloud/2982-E16B/tactility_p4_work/tools/esp-idf-v6.1/components/esp_hal_gpspi /media/cloud/2982-E16B/tactility_p4_work/tools/esp-idf-v6.1/components/esp_hal_mspi /media/cloud/2982-E16B/tactility_p4_work/tools/esp-idf-v6.1/components/esp_hal_pmu /media/cloud/2982-E16B/tactility_p4_work/tools/esp-idf-v6.1/components/esp_hal_ppa /media/cloud/2982-E16B/tactility_p4_work/tools/esp-idf-v6.1/components/esp_hal_regi2c /media/cloud/2982-E16B/tactility_p4_work/tools/esp-idf-v6.1/components/esp_hal_rtc_timer /media/cloud/2982-E16B/tactility_p4_work/tools/esp-idf-v6.1/components/esp_hal_security /media/cloud/2982-E16B/tactility_p4_work/tools/esp-idf-v6.1/components/esp_hal_systimer /media/cloud/2982-E16B/tactility_p4_work/tools/esp-idf-v6.1/components/esp_hal_timg /media/cloud/2982-E16B/tactility_p4_work/tools/esp-idf-v6.1/components/esp_hal_touch_sens /media/cloud/2982-E16B/tactility_p4_work/tools/esp-idf-v6.1/components/esp_hal_uart /media/cloud/2982-E16B/tactility_p4_work/tools/esp-idf-v6.1/components/esp_hal_usb /media/cloud/2982-E16B/tactility_p4_work/tools/esp-idf-v6.1/components/esp_hal_wdt /media/cloud/2982-E16B/tactility_p4_work/tools/esp-idf-v6.1/components/esp_hw_support /media/cloud/2982-E16B/tactility_p4_work/tools/esp-idf-v6.1/components/esp_libc /media/cloud/2982-E16B/tactility_p4_work/tools/esp-idf-v6.1/components/esp_mm /media/cloud/2982-E16B/tactility_p4_work/tools/esp-idf-v6.1/components/esp_partition /media/cloud/2982-E16B/tactility_p4_work/tools/esp-idf-v6.1/components/esp_pm /media/cloud/2982-E16B/tactility_p4_work/tools/esp-idf-v6.1/components/esp_rom /media/cloud/2982-E16B/tactility_p4_work/tools/esp-idf-v6.1/components/esp_security /media/cloud/2982-E16B/tactility_p4_work/tools/esp-idf-v6.1/components/esp_stdio /media/cloud/2982-E16B/tactility_p4_work/tools/esp-idf-v6.1/components/esp_system /media/cloud/2982-E16B/tactility_p4_work/tools/esp-idf-v6.1/components/esp_timer /media/cloud/2982-E16B/tactility_p4_work/tools/esp-idf-v6.1/components/esp_usb_cdc_rom_console /media/cloud/2982-E16B/tactility_p4_work/tools/esp-idf-v6.1/components/esptool_py /media/cloud/2982-E16B/tactility_p4_work/tools/esp-idf-v6.1/components/freertos /media/cloud/2982-E16B/tactility_p4_work/repos/Tactility/release/TactilitySDK/0.8.0-dev-esp32p4/TactilitySDK/Modules/gps-module /media/cloud/2982-E16B/tactility_p4_work/tools/esp-idf-v6.1/components/hal /media/cloud/2982-E16B/tactility_p4_work/tools/esp-idf-v6.1/components/heap /media/cloud/2982-E16B/tactility_p4_work/tools/esp-idf-v6.1/components/log /media/cloud/2982-E16B/tactility_p4_work/repos/Tactility/release/TactilitySDK/0.8.0-dev-esp32p4/TactilitySDK/Modules/lvgl-module /media/cloud/2982-E16B/tactility_p4_work/repos/Tactility/release/TactilitySDK/0.8.0-dev-esp32p4/TactilitySDK/Modules/lvgl-window-manager-module /media/cloud/2982-E16B/tactility_p4_work/repos/TactilityApps/Apps/CascadeTerrace/main /media/cloud/2982-E16B/tactility_p4_work/tools/esp-idf-v6.1/components/mbedtls /media/cloud/2982-E16B/tactility_p4_work/tools/esp-idf-v6.1/components/partition_table /media/cloud/2982-E16B/tactility_p4_work/tools/esp-idf-v6.1/components/pthread /media/cloud/2982-E16B/tactility_p4_work/tools/esp-idf-v6.1/components/riscv /media/cloud/2982-E16B/tactility_p4_work/repos/Tactility/release/TactilitySDK/0.8.0-dev-esp32p4/TactilitySDK/Modules/service-module /media/cloud/2982-E16B/tactility_p4_work/tools/esp-idf-v6.1/components/soc /media/cloud/2982-E16B/tactility_p4_work/tools/esp-idf-v6.1/components/spi_flash
-- Configuring done (8.1s)
-- Generating done (0.8s)
-- Build files have been written to: /media/cloud/2982-E16B/tactility_p4_work/repos/TactilityApps/Apps/CascadeTerrace/build-p4-native
Executing action: elf
Running ninja in directory /media/cloud/2982-E16B/tactility_p4_work/repos/TactilityApps/Apps/CascadeTerrace/build-p4-native
Executing "ninja elf"...
[1/609] Preprocessing linker script /media/cloud/2982-E16B/tactility_p4_work/tools/esp-idf-v6.1/components/esp_system/ld/esp32p4/memory.ld.in -> /media/cloud/2982-E16B/tactility_p4_work/repos/TactilityApps/Apps/CascadeTerrace/build-p4-native/esp-idf/esp_system/ld/memory.ld
[2/609] Preprocessing linker script /media/cloud/2982-E16B/tactility_p4_work/tools/esp-idf-v6.1/components/esp_system/ld/esp32p4/sections.ld.in -> /media/cloud/2982-E16B/tactility_p4_work/repos/TactilityApps/Apps/CascadeTerrace/build-p4-native/esp-idf/esp_system/ld/sections.ld.in
[3/609] Building C object esp-idf/esp_timer/CMakeFiles/__idf_esp_timer.dir/src/esp_timer_impl_common.c.obj
[4/609] Building C object esp-idf/esp_timer/CMakeFiles/__idf_esp_timer.dir/src/esp_timer_init.c.obj
[5/609] Building C object esp-idf/esp_timer/CMakeFiles/__idf_esp_timer.dir/src/system_time.c.obj
[6/609] Building C object esp-idf/esp_timer/CMakeFiles/__idf_esp_timer.dir/src/ets_timer_legacy.c.obj
[7/609] Building C object esp-idf/esp_timer/CMakeFiles/__idf_esp_timer.dir/src/esp_timer_impl_systimer.c.obj
[8/609] Building C object esp-idf/esp_timer/CMakeFiles/__idf_esp_timer.dir/src/esp_timer_etm.c.obj
[9/609] Building CXX object esp-idf/cxx/CMakeFiles/__idf_cxx.dir/cxx_init.cpp.obj
[10/609] Building CXX object esp-idf/cxx/CMakeFiles/__idf_cxx.dir/cxx_exception_stubs.cpp.obj
[11/609] Building C object esp-idf/esp_timer/CMakeFiles/__idf_esp_timer.dir/src/esp_timer.c.obj
[12/609] Linking C static library esp-idf/esp_timer/libesp_timer.a
[13/609] Building C object esp-idf/pthread/CMakeFiles/__idf_pthread.dir/pthread_cond_var.c.obj
[14/609] Building C object esp-idf/esp_libc/CMakeFiles/__idf_esp_libc.dir/src/init.c.obj
[15/609] Building C object esp-idf/pthread/CMakeFiles/__idf_pthread.dir/pthread_rwlock.c.obj
[16/609] Building C object esp-idf/pthread/CMakeFiles/__idf_pthread.dir/pthread_local_storage.c.obj
[17/609] Building C object esp-idf/pthread/CMakeFiles/__idf_pthread.dir/pthread_semaphore.c.obj
[18/609] Building C object esp-idf/pthread/CMakeFiles/__idf_pthread.dir/pthread.c.obj
[19/609] Building C object esp-idf/esp_libc/CMakeFiles/__idf_esp_libc.dir/src/abort.c.obj
[20/609] Building C object esp-idf/esp_libc/CMakeFiles/__idf_esp_libc.dir/src/assert.c.obj
[21/609] Building C object esp-idf/esp_libc/CMakeFiles/__idf_esp_libc.dir/src/heap.c.obj
[22/609] Building C object esp-idf/esp_libc/CMakeFiles/__idf_esp_libc.dir/src/poll.c.obj
[23/609] Building C object esp-idf/esp_libc/CMakeFiles/__idf_esp_libc.dir/src/termios.c.obj
[24/609] Building C object esp-idf/esp_libc/CMakeFiles/__idf_esp_libc.dir/src/random.c.obj
[25/609] Building C object esp-idf/esp_libc/CMakeFiles/__idf_esp_libc.dir/src/pthread.c.obj
[26/609] Building C object esp-idf/esp_libc/CMakeFiles/__idf_esp_libc.dir/src/getentropy.c.obj
[27/609] Building C object esp-idf/esp_libc/CMakeFiles/__idf_esp_libc.dir/src/sysconf.c.obj
[28/609] Building C object esp-idf/esp_libc/CMakeFiles/__idf_esp_libc.dir/src/locks.c.obj
[29/609] Building CXX object esp-idf/cxx/CMakeFiles/__idf_cxx.dir/cxx_guards.cpp.obj
[30/609] Building C object esp-idf/esp_libc/CMakeFiles/__idf_esp_libc.dir/src/timekeeping.c.obj
[31/609] Linking C static library esp-idf/cxx/libcxx.a
[32/609] Building C object esp-idf/esp_libc/CMakeFiles/__idf_esp_libc.dir/src/time.c.obj
[33/609] Building C object esp-idf/esp_libc/CMakeFiles/__idf_esp_libc.dir/src/stdatomic.c.obj
[34/609] Building C object esp-idf/esp_libc/CMakeFiles/__idf_esp_libc.dir/src/syscalls.c.obj
[35/609] Building C object esp-idf/esp_libc/CMakeFiles/__idf_esp_libc.dir/src/scandir.c.obj
[36/609] Building C object esp-idf/esp_libc/CMakeFiles/__idf_esp_libc.dir/src/realpath.c.obj
[37/609] Building C object esp-idf/esp_libc/CMakeFiles/__idf_esp_libc.dir/src/reent_syscalls.c.obj
[38/609] Building C object esp-idf/esp_libc/CMakeFiles/__idf_esp_libc.dir/src/port/riscv/memcpy.c.obj
[39/609] Building C object esp-idf/esp_libc/CMakeFiles/__idf_esp_libc.dir/src/port/esp_time_impl.c.obj
[40/609] Building C object esp-idf/esp_libc/CMakeFiles/__idf_esp_libc.dir/src/port/riscv/memmove.c.obj
[41/609] Building ASM object esp-idf/esp_libc/CMakeFiles/__idf_esp_libc.dir/src/port/riscv/strcmp.S.obj
[42/609] Building C object esp-idf/esp_libc/CMakeFiles/__idf_esp_libc.dir/src/string/memcmp.c.obj
[43/609] Building C object esp-idf/esp_libc/CMakeFiles/__idf_esp_libc.dir/src/reent_init.c.obj
[44/609] Building C object esp-idf/esp_libc/CMakeFiles/__idf_esp_libc.dir/src/string/strncmp.c.obj
[45/609] Building C object esp-idf/esp_libc/CMakeFiles/__idf_esp_libc.dir/src/port/riscv/strcpy.c.obj
[46/609] Building C object esp-idf/esp_libc/CMakeFiles/__idf_esp_libc.dir/src/string/strncpy.c.obj
[47/609] Building C object esp-idf/esp_libc/CMakeFiles/__idf_esp_libc.dir/src/newlib_init.c.obj
[48/609] Linking C static library esp-idf/pthread/libpthread.a
[49/609] Building C object esp-idf/esp_libc/CMakeFiles/__idf_esp_libc.dir/src/flockfile.c.obj
[50/609] Building C object esp-idf/freertos/CMakeFiles/__idf_freertos.dir/port_common.c.obj
[51/609] Building C object esp-idf/freertos/CMakeFiles/__idf_freertos.dir/heap_idf.c.obj
[52/609] Building C object esp-idf/freertos/CMakeFiles/__idf_freertos.dir/app_startup.c.obj
[53/609] Building C object esp-idf/freertos/CMakeFiles/__idf_freertos.dir/FreeRTOS-Kernel/list.c.obj
[54/609] Building C object esp-idf/freertos/CMakeFiles/__idf_freertos.dir/port_systick.c.obj
[55/609] Building C object esp-idf/freertos/CMakeFiles/__idf_freertos.dir/FreeRTOS-Kernel/event_groups.c.obj
[56/609] Building C object esp-idf/freertos/CMakeFiles/__idf_freertos.dir/FreeRTOS-Kernel/queue.c.obj
[57/609] Building ASM object esp-idf/freertos/CMakeFiles/__idf_freertos.dir/FreeRTOS-Kernel/portable/riscv/portasm.S.obj
[58/609] Building C object esp-idf/freertos/CMakeFiles/__idf_freertos.dir/FreeRTOS-Kernel/timers.c.obj
[59/609] Building C object esp-idf/freertos/CMakeFiles/__idf_freertos.dir/esp_additions/idf_additions.c.obj
[60/609] Building C object esp-idf/freertos/CMakeFiles/__idf_freertos.dir/esp_additions/idf_additions_event_groups.c.obj
[61/609] Building C object esp-idf/freertos/CMakeFiles/__idf_freertos.dir/FreeRTOS-Kernel/stream_buffer.c.obj
[62/609] Linking C static library esp-idf/esp_libc/libesp_libc.a
[63/609] Building C object esp-idf/freertos/CMakeFiles/__idf_freertos.dir/FreeRTOS-Kernel/portable/riscv/port.c.obj
[64/609] Building C object esp-idf/esp_hw_support/CMakeFiles/__idf_esp_hw_support.dir/esp_memory_utils.c.obj
[65/609] Building C object esp-idf/esp_hw_support/CMakeFiles/__idf_esp_hw_support.dir/port/esp32p4/esp_cpu_intr.c.obj
[66/609] Building C object esp-idf/esp_hw_support/CMakeFiles/__idf_esp_hw_support.dir/cpu.c.obj
[67/609] Building C object esp-idf/esp_hw_support/CMakeFiles/__idf_esp_hw_support.dir/port/esp32p4/cpu_region_protect.c.obj
[68/609] Building C object esp-idf/freertos/CMakeFiles/__idf_freertos.dir/FreeRTOS-Kernel/tasks.c.obj
[69/609] Building C object esp-idf/esp_hw_support/CMakeFiles/__idf_esp_hw_support.dir/clk_ctrl_os.c.obj
[70/609] Building C object esp-idf/esp_hw_support/CMakeFiles/__idf_esp_hw_support.dir/hw_random.c.obj
[71/609] Building C object esp-idf/esp_hw_support/CMakeFiles/__idf_esp_hw_support.dir/revision.c.obj
[72/609] Building C object esp-idf/esp_hw_support/CMakeFiles/__idf_esp_hw_support.dir/periph_ctrl.c.obj
[73/609] Building C object esp-idf/esp_hw_support/CMakeFiles/__idf_esp_hw_support.dir/esp_clk.c.obj
[74/609] Building C object esp-idf/esp_hw_support/CMakeFiles/__idf_esp_hw_support.dir/mac_addr.c.obj
[75/609] Building C object esp-idf/esp_hw_support/CMakeFiles/__idf_esp_hw_support.dir/esp_gpio_reserve.c.obj
[76/609] Building C object esp-idf/esp_hw_support/CMakeFiles/__idf_esp_hw_support.dir/rtc_module.c.obj
[77/609] Building C object esp-idf/esp_hw_support/CMakeFiles/__idf_esp_hw_support.dir/sar_tsens_ctrl.c.obj
[78/609] Building C object esp-idf/esp_hw_support/CMakeFiles/__idf_esp_hw_support.dir/sar_periph_ctrl_common.c.obj
[79/609] Building C object esp-idf/esp_hw_support/CMakeFiles/__idf_esp_hw_support.dir/regi2c_ctrl.c.obj
[80/609] Building C object esp-idf/esp_hw_support/CMakeFiles/__idf_esp_hw_support.dir/port/esp32p4/io_mux.c.obj
[81/609] Building C object esp-idf/esp_hw_support/CMakeFiles/__idf_esp_hw_support.dir/io_mux.c.obj
[82/609] Building C object esp-idf/esp_hw_support/CMakeFiles/__idf_esp_hw_support.dir/intr_alloc.c.obj
[83/609] Building C object esp-idf/esp_hw_support/CMakeFiles/__idf_esp_hw_support.dir/heap_align_hw.c.obj
[84/609] Building C object esp-idf/esp_hw_support/CMakeFiles/__idf_esp_hw_support.dir/clk_utils.c.obj
[85/609] Building C object esp-idf/esp_hw_support/CMakeFiles/__idf_esp_hw_support.dir/spi_bus_lock.c.obj
[86/609] Building C object esp-idf/esp_hw_support/CMakeFiles/__idf_esp_hw_support.dir/port/esp_clk_tree_common.c.obj
[87/609] Building C object esp-idf/esp_hw_support/CMakeFiles/__idf_esp_hw_support.dir/port/esp32p4/esp_clk_tree.c.obj
[88/609] Building C object esp-idf/esp_hw_support/CMakeFiles/__idf_esp_hw_support.dir/spi_share_hw_ctrl.c.obj
[89/609] Building C object esp-idf/esp_hw_support/CMakeFiles/__idf_esp_hw_support.dir/mipi_csi_share_hw_ctrl.c.obj
[90/609] Building C object esp-idf/esp_hw_support/CMakeFiles/__idf_esp_hw_support.dir/usb_phy/usb_phy.c.obj
[91/609] Building C object esp-idf/esp_hw_support/CMakeFiles/__idf_esp_hw_support.dir/pmu_share_hw.c.obj
[92/609] Building C object esp-idf/esp_hw_support/CMakeFiles/__idf_esp_hw_support.dir/sleep_modem.c.obj
[93/609] Building C object esp-idf/esp_hw_support/CMakeFiles/__idf_esp_hw_support.dir/adc_share_hw_ctrl.c.obj
[94/609] Building C object esp-idf/esp_hw_support/CMakeFiles/__idf_esp_hw_support.dir/sleep_mspi.c.obj
[95/609] Building C object esp-idf/esp_hw_support/CMakeFiles/__idf_esp_hw_support.dir/sleep_cache.c.obj
[96/609] Building C object esp-idf/esp_hw_support/CMakeFiles/__idf_esp_hw_support.dir/sleep_console.c.obj
[97/609] Building C object esp-idf/esp_hw_support/CMakeFiles/__idf_esp_hw_support.dir/sleep_event.c.obj
[98/609] Building C object esp-idf/esp_hw_support/CMakeFiles/__idf_esp_hw_support.dir/sleep_uart.c.obj
[99/609] Building C object esp-idf/esp_hw_support/CMakeFiles/__idf_esp_hw_support.dir/sleep_usb.c.obj
[100/609] Building C object esp-idf/esp_hw_support/CMakeFiles/__idf_esp_hw_support.dir/sleep_system_peripheral.c.obj
[101/609] Building C object esp-idf/esp_hw_support/CMakeFiles/__idf_esp_hw_support.dir/port/esp32p4/peripheral_domain_pd.c.obj
[102/609] Building C object esp-idf/esp_hw_support/CMakeFiles/__idf_esp_hw_support.dir/port/esp32p4/system_periph_retention.c.obj
[103/609] Building C object esp-idf/esp_hw_support/CMakeFiles/__idf_esp_hw_support.dir/port/esp32p4/systimer.c.obj
[104/609] Building C object esp-idf/esp_hw_support/CMakeFiles/__idf_esp_hw_support.dir/sleep_gpio.c.obj
[105/609] Building C object esp-idf/esp_hw_support/CMakeFiles/__idf_esp_hw_support.dir/debug_probe/debug_probe.c.obj
[106/609] Building C object esp-idf/esp_hw_support/CMakeFiles/__idf_esp_hw_support.dir/sleep_retention.c.obj
[107/609] Building C object esp-idf/esp_hw_support/CMakeFiles/__idf_esp_hw_support.dir/ldo/esp_ldo_regulator.c.obj
[108/609] Building C object esp-idf/esp_hw_support/CMakeFiles/__idf_esp_hw_support.dir/port/pau_regdma.c.obj
[109/609] Building C object esp-idf/esp_hw_support/CMakeFiles/__idf_esp_hw_support.dir/etm/esp_etm.c.obj
[110/609] Building C object esp-idf/esp_hw_support/CMakeFiles/__idf_esp_hw_support.dir/mspi/mspi_timing_tuning/tuning_scheme_impl/mspi_timing_by_dqs.c.obj
[111/609] Building C object esp-idf/esp_hw_support/CMakeFiles/__idf_esp_hw_support.dir/mspi/mspi_intr/mspi_intr.c.obj
[112/609] Building C object esp-idf/esp_hw_support/CMakeFiles/__idf_esp_hw_support.dir/port/regdma_link.c.obj
[113/609] Building C object esp-idf/esp_hw_support/CMakeFiles/__idf_esp_hw_support.dir/mspi/mspi_timing_tuning/tuning_scheme_impl/mspi_timing_by_flash_delay.c.obj
[114/609] Building C object esp-idf/esp_hw_support/CMakeFiles/__idf_esp_hw_support.dir/esp_clock_output.c.obj
[115/609] Building C object esp-idf/esp_hw_support/CMakeFiles/__idf_esp_hw_support.dir/power_supply/vbat.c.obj
[116/609] Building C object esp-idf/esp_hw_support/CMakeFiles/__idf_esp_hw_support.dir/port/esp32p4/rtc_clk_init.c.obj
[117/609] Building C object esp-idf/esp_hw_support/CMakeFiles/__idf_esp_hw_support.dir/mspi/mspi_timing_tuning/mspi_timing_tuning.c.obj
[118/609] Building C object esp-idf/esp_hw_support/CMakeFiles/__idf_esp_hw_support.dir/power_supply/brownout.c.obj
[119/609] Building C object esp-idf/esp_hw_support/CMakeFiles/__idf_esp_hw_support.dir/port/esp32p4/pmu_param.c.obj
[120/609] Building C object esp-idf/esp_hw_support/CMakeFiles/__idf_esp_hw_support.dir/port/esp32p4/chip_info.c.obj
[121/609] Building C object esp-idf/esp_hw_support/CMakeFiles/__idf_esp_hw_support.dir/port/esp32p4/rtc_time.c.obj
[122/609] Building C object esp-idf/esp_hw_support/CMakeFiles/__idf_esp_hw_support.dir/port/esp32p4/pmu_init.c.obj
[123/609] Building C object esp-idf/esp_hw_support/CMakeFiles/__idf_esp_hw_support.dir/port/esp32p4/sar_periph_ctrl.c.obj
[124/609] Building C object esp-idf/esp_hw_support/CMakeFiles/__idf_esp_hw_support.dir/port/esp32p4/rtc_clk.c.obj
[125/609] Building C object esp-idf/esp_hw_support/CMakeFiles/__idf_esp_hw_support.dir/port/esp32p4/pmu_sleep_clock_icg.c.obj
[126/609] Building C object esp-idf/esp_hw_support/CMakeFiles/__idf_esp_hw_support.dir/port/esp32p4/pmu_pvt.c.obj
[127/609] Linking C static library esp-idf/freertos/libfreertos.a
[128/609] Building C object esp-idf/esp_hw_support/CMakeFiles/__idf_esp_hw_support.dir/lowpower/port/esp32p4/sleep_clock.c.obj
[129/609] Building C object esp-idf/esp_hal_cam/CMakeFiles/__idf_esp_hal_cam.dir/esp32p4/cam_periph.c.obj
[130/609] Building C object esp-idf/esp_hw_support/CMakeFiles/__idf_esp_hw_support.dir/port/esp32p4/pmu_sleep.c.obj
[131/609] Building C object esp-idf/esp_hal_cam/CMakeFiles/__idf_esp_hal_cam.dir/cam_hal.c.obj
[132/609] Building C object esp-idf/esp_hw_support/CMakeFiles/__idf_esp_hw_support.dir/mspi/mspi_timing_tuning/port/esp32p4/mspi_timing_config.c.obj
[133/609] Building C object esp-idf/esp_hal_cam/CMakeFiles/__idf_esp_hal_cam.dir/esp32p4/mipi_csi_periph.c.obj
[134/609] Building C object esp-idf/esp_hw_support/CMakeFiles/__idf_esp_hw_support.dir/sleep_modes.c.obj
[135/609] Building C object esp-idf/esp_hal_cam/CMakeFiles/__idf_esp_hal_cam.dir/mipi_csi_hal.c.obj
[136/609] Building C object esp-idf/esp_hal_cam/CMakeFiles/__idf_esp_hal_cam.dir/esp32p4/isp_periph.c.obj
[137/609] Building C object esp-idf/esp_hal_touch_sens/CMakeFiles/__idf_esp_hal_touch_sens.dir/esp32p4/touch_sensor_periph.c.obj
[138/609] Building C object esp-idf/esp_hal_regi2c/CMakeFiles/__idf_esp_hal_regi2c.dir/esp32p4/regi2c_impl.c.obj
[139/609] Building C object esp-idf/esp_hal_cam/CMakeFiles/__idf_esp_hal_cam.dir/isp_hal.c.obj
[140/609] Building C object esp-idf/esp_hal_systimer/CMakeFiles/__idf_esp_hal_systimer.dir/rom_patch.c.obj
[141/609] Building C object esp-idf/esp_hal_pmu/CMakeFiles/__idf_esp_hal_pmu.dir/esp32p4/pmu_hal.c.obj
[142/609] Building C object esp-idf/esp_hal_pmu/CMakeFiles/__idf_esp_hal_pmu.dir/esp32p4/pau_hal.c.obj
[143/609] Building C object esp-idf/esp_hal_touch_sens/CMakeFiles/__idf_esp_hal_touch_sens.dir/touch_sens_hal.c.obj
[144/609] Building C object esp-idf/esp_hal_usb/CMakeFiles/__idf_esp_hal_usb.dir/esp32p4/usb_dwc_periph.c.obj
[145/609] Linking C static library esp-idf/esp_hw_support/libesp_hw_support.a
[146/609] Building C object esp-idf/esp_hal_pmu/CMakeFiles/__idf_esp_hal_pmu.dir/brownout_hal.c.obj
[147/609] Building C object esp-idf/esp_hal_usb/CMakeFiles/__idf_esp_hal_usb.dir/usb_wrap_hal.c.obj
[148/609] Linking C static library esp-idf/esp_hal_cam/libesp_hal_cam.a
[149/609] Building C object esp-idf/esp_hal_pmu/CMakeFiles/__idf_esp_hal_pmu.dir/vbat_hal.c.obj
[150/609] Linking C static library esp-idf/esp_hal_touch_sens/libesp_hal_touch_sens.a
[151/609] Building C object esp-idf/esp_hal_usb/CMakeFiles/__idf_esp_hal_usb.dir/usb_utmi_hal.c.obj
[152/609] Linking C static library esp-idf/esp_hal_systimer/libesp_hal_systimer.a
[153/609] Building C object esp-idf/esp_hal_usb/CMakeFiles/__idf_esp_hal_usb.dir/usb_serial_jtag_hal.c.obj
[154/609] Building C object esp-idf/esp_hal_gpio/CMakeFiles/__idf_esp_hal_gpio.dir/esp32p4/rtc_io_periph.c.obj
[155/609] Building C object esp-idf/esp_hal_gpio/CMakeFiles/__idf_esp_hal_gpio.dir/esp32p4/dedic_gpio_periph.c.obj
[156/609] Linking C static library esp-idf/esp_hal_regi2c/libesp_hal_regi2c.a
[157/609] Linking C static library esp-idf/esp_hal_pmu/libesp_hal_pmu.a
[158/609] Building C object esp-idf/esp_hal_gpio/CMakeFiles/__idf_esp_hal_gpio.dir/rtc_io_hal.c.obj
[159/609] Building C object esp-idf/esp_hal_gpio/CMakeFiles/__idf_esp_hal_gpio.dir/esp32p4/sdm_periph.c.obj
[160/609] Building C object esp-idf/esp_hal_gpio/CMakeFiles/__idf_esp_hal_gpio.dir/sdm_hal.c.obj
[161/609] Building C object esp-idf/esp_hal_usb/CMakeFiles/__idf_esp_hal_usb.dir/usb_dwc_hal.c.obj
[162/609] Building C object esp-idf/esp_hal_gpio/CMakeFiles/__idf_esp_hal_gpio.dir/gpio_hal.c.obj
[163/609] Linking C static library esp-idf/esp_hal_usb/libesp_hal_usb.a
[164/609] Building C object esp-idf/soc/CMakeFiles/__idf_soc.dir/esp32p4/debug_probe_periph.c.obj
[165/609] Building C object esp-idf/soc/CMakeFiles/__idf_soc.dir/esp32p4/interrupts.c.obj
[166/609] Building C object esp-idf/soc/CMakeFiles/__idf_soc.dir/lldesc.c.obj
[167/609] Building C object esp-idf/soc/CMakeFiles/__idf_soc.dir/esp32p4/gpio_periph.c.obj
[168/609] Building C object esp-idf/soc/CMakeFiles/__idf_soc.dir/esp32p4/power_supply_periph.c.obj
[169/609] Linking C static library esp-idf/esp_hal_gpio/libesp_hal_gpio.a
[170/609] Building C object esp-idf/soc/CMakeFiles/__idf_soc.dir/dport_access_common.c.obj
[171/609] Building C object esp-idf/soc/CMakeFiles/__idf_soc.dir/esp32p4/mpi_periph.c.obj
[172/609] Building C object esp-idf/heap/CMakeFiles/__idf_heap.dir/heap_caps_init.c.obj
[173/609] Building C object esp-idf/heap/CMakeFiles/__idf_heap.dir/port/esp32p4/memory_layout.c.obj
[174/609] Building C object esp-idf/heap/CMakeFiles/__idf_heap.dir/heap_caps_base.c.obj
[175/609] Building C object esp-idf/heap/CMakeFiles/__idf_heap.dir/port/memory_layout_utils.c.obj
[176/609] Linking C static library esp-idf/soc/libsoc.a
[177/609] Building C object esp-idf/heap/CMakeFiles/__idf_heap.dir/multi_heap.c.obj
[178/609] Building C object esp-idf/heap/CMakeFiles/__idf_heap.dir/heap_caps.c.obj
[179/609] Building C object esp-idf/log/CMakeFiles/__idf_log.dir/src/os/log_lock.c.obj
[180/609] Building C object esp-idf/log/CMakeFiles/__idf_log.dir/src/os/log_timestamp.c.obj
[181/609] Building C object esp-idf/log/CMakeFiles/__idf_log.dir/src/buffer/log_buffers.c.obj
[182/609] Building C object esp-idf/log/CMakeFiles/__idf_log.dir/src/log_format_text.c.obj
[183/609] Building C object esp-idf/log/CMakeFiles/__idf_log.dir/src/os/util.c.obj
[184/609] Building C object esp-idf/log/CMakeFiles/__idf_log.dir/src/log_print.c.obj
[185/609] Building C object esp-idf/log/CMakeFiles/__idf_log.dir/src/util.c.obj
[186/609] Building C object esp-idf/log/CMakeFiles/__idf_log.dir/src/log_timestamp_common.c.obj
[187/609] Building C object esp-idf/log/CMakeFiles/__idf_log.dir/src/os/log_write.c.obj
[188/609] Building C object esp-idf/log/CMakeFiles/__idf_log.dir/src/log_level/tag_log_level/linked_list/log_linked_list.c.obj
[189/609] Building C object esp-idf/log/CMakeFiles/__idf_log.dir/src/log_level/log_level.c.obj
[190/609] Building C object esp-idf/log/CMakeFiles/__idf_log.dir/src/log.c.obj
[191/609] Building C object esp-idf/log/CMakeFiles/__idf_log.dir/src/log_level/tag_log_level/tag_log_level.c.obj
[192/609] Building C object esp-idf/log/CMakeFiles/__idf_log.dir/src/log_level/tag_log_level/cache/log_binary_heap.c.obj
[193/609] Building C object esp-idf/hal/CMakeFiles/__idf_hal.dir/hal_utils.c.obj
[194/609] Building C object esp-idf/hal/CMakeFiles/__idf_hal.dir/color_hal.c.obj
[195/609] Building C object esp-idf/hal/CMakeFiles/__idf_hal.dir/efuse_hal.c.obj
[196/609] Building C object esp-idf/hal/CMakeFiles/__idf_hal.dir/esp32p4/efuse_hal.c.obj
[197/609] Building C object esp-idf/hal/CMakeFiles/__idf_hal.dir/mmu_hal.c.obj
[198/609] Building C object esp-idf/hal/CMakeFiles/__idf_hal.dir/etm_hal.c.obj
[199/609] Building C object esp-idf/esp_rom/CMakeFiles/__idf_esp_rom.dir/patches/esp_rom_sys.c.obj
[200/609] Building C object esp-idf/esp_rom/CMakeFiles/__idf_esp_rom.dir/patches/esp_rom_crc.c.obj
[201/609] Building C object esp-idf/esp_rom/CMakeFiles/__idf_esp_rom.dir/patches/esp_rom_print.c.obj
[202/609] Building C object esp-idf/hal/CMakeFiles/__idf_hal.dir/esp32p4/etm_periph.c.obj
[203/609] Building C object esp-idf/esp_rom/CMakeFiles/__idf_esp_rom.dir/patches/esp_rom_efuse.c.obj
[204/609] Building C object esp-idf/esp_rom/CMakeFiles/__idf_esp_rom.dir/patches/esp_rom_gpio.c.obj
[205/609] Building C object esp-idf/heap/CMakeFiles/__idf_heap.dir/tlsf/tlsf.c.obj
[206/609] Building C object esp-idf/esp_rom/CMakeFiles/__idf_esp_rom.dir/patches/esp_rom_spiflash.c.obj
[207/609] Building C object esp-idf/esp_rom/CMakeFiles/__idf_esp_rom.dir/patches/esp_rom_serial_output.c.obj
[208/609] Building C object esp-idf/esp_rom/CMakeFiles/__idf_esp_rom.dir/patches/esp_rom_clic.c.obj
[209/609] Linking C static library esp-idf/heap/libheap.a
[210/609] Building C object esp-idf/esp_rom/CMakeFiles/__idf_esp_rom.dir/patches/esp_rom_cache_writeback_esp32p4_esp32s31.c.obj
[211/609] Linking C static library esp-idf/log/liblog.a
[212/609] Building C object esp-idf/esp_system/CMakeFiles/__idf_esp_system.dir/esp_err.c.obj
[213/609] Building C object esp-idf/esp_common/CMakeFiles/__idf_esp_common.dir/src/esp_err_to_name.c.obj
[214/609] Building C object esp-idf/hal/CMakeFiles/__idf_hal.dir/cache_hal.c.obj
[215/609] Building C object esp-idf/esp_system/CMakeFiles/__idf_esp_system.dir/crosscore_int.c.obj
[216/609] Building C object esp-idf/esp_rom/CMakeFiles/__idf_esp_rom.dir/patches/esp_rom_ecdsa.c.obj
[217/609] Linking C static library esp-idf/hal/libhal.a
[218/609] Linking C static library esp-idf/esp_rom/libesp_rom.a
[219/609] Building C object esp-idf/esp_system/CMakeFiles/__idf_esp_system.dir/esp_ipc.c.obj
[220/609] Building C object esp-idf/esp_system/CMakeFiles/__idf_esp_system.dir/esp_system.c.obj
[221/609] Building C object esp-idf/esp_system/CMakeFiles/__idf_esp_system.dir/freertos_hooks.c.obj
[222/609] Building C object esp-idf/esp_system/CMakeFiles/__idf_esp_system.dir/startup.c.obj
[223/609] Building C object esp-idf/esp_system/CMakeFiles/__idf_esp_system.dir/system_time.c.obj
[224/609] Building C object esp-idf/esp_system/CMakeFiles/__idf_esp_system.dir/stack_check.c.obj
[225/609] Building C object esp-idf/esp_system/CMakeFiles/__idf_esp_system.dir/panic.c.obj
[226/609] Building C object esp-idf/esp_system/CMakeFiles/__idf_esp_system.dir/int_wdt.c.obj
[227/609] Building C object esp-idf/esp_system/CMakeFiles/__idf_esp_system.dir/systick_etm.c.obj
[228/609] Building C object esp-idf/esp_system/CMakeFiles/__idf_esp_system.dir/ubsan.c.obj
[229/609] Building C object esp-idf/esp_system/CMakeFiles/__idf_esp_system.dir/task_wdt/task_wdt.c.obj
[230/609] Building C object esp-idf/esp_system/CMakeFiles/__idf_esp_system.dir/debug_assist.c.obj
[231/609] Building C object esp-idf/esp_system/CMakeFiles/__idf_esp_system.dir/task_wdt/task_wdt_impl_timergroup.c.obj
[232/609] Building C object esp-idf/esp_system/CMakeFiles/__idf_esp_system.dir/startup_funcs.c.obj
[233/609] Building C object esp-idf/esp_system/CMakeFiles/__idf_esp_system.dir/port/panic_handler.c.obj
[234/609] Building C object esp-idf/esp_system/CMakeFiles/__idf_esp_system.dir/port/esp_system_chip.c.obj
[235/609] Building ASM object esp-idf/esp_system/CMakeFiles/__idf_esp_system.dir/port/arch/riscv/esp_ipc_isr_handler.S.obj
[236/609] Building C object esp-idf/esp_system/CMakeFiles/__idf_esp_system.dir/port/esp_ipc_isr.c.obj
[237/609] Building C object esp-idf/esp_system/CMakeFiles/__idf_esp_system.dir/port/arch/riscv/esp_ipc_isr_port.c.obj
[238/609] Building C object esp-idf/esp_system/CMakeFiles/__idf_esp_system.dir/port/arch/riscv/esp_ipc_isr_routines.c.obj
[239/609] Building C object esp-idf/esp_system/CMakeFiles/__idf_esp_system.dir/port/arch/riscv/expression_with_stack.c.obj
[240/609] Building C object esp-idf/esp_system/CMakeFiles/__idf_esp_system.dir/port/arch/riscv/panic_arch.c.obj
[241/609] Building C object esp-idf/esp_system/CMakeFiles/__idf_esp_system.dir/port/arch/riscv/debug_helpers.c.obj
[242/609] Building C object esp-idf/esp_system/CMakeFiles/__idf_esp_system.dir/port/arch/riscv/debug_stubs.c.obj
[243/609] Building C object esp-idf/esp_system/CMakeFiles/__idf_esp_system.dir/port/image_process.c.obj
[244/609] Linking C static library esp-idf/esp_common/libesp_common.a
[245/609] Building C object esp-idf/esp_system/CMakeFiles/__idf_esp_system.dir/port/soc/esp32p4/reset_reason.c.obj
[246/609] Building C object esp-idf/esp_system/CMakeFiles/__idf_esp_system.dir/port/soc/esp32p4/cache_err_int.c.obj
[247/609] Building C object esp-idf/spi_flash/CMakeFiles/__idf_spi_flash.dir/flash_brownout_hook.c.obj
[248/609] Building C object esp-idf/spi_flash/CMakeFiles/__idf_spi_flash.dir/spi_flash_chip_drivers.c.obj
[249/609] Building C object esp-idf/esp_system/CMakeFiles/__idf_esp_system.dir/port/soc/esp32p4/clk.c.obj
[250/609] Building C object esp-idf/spi_flash/CMakeFiles/__idf_spi_flash.dir/spi_flash_dpd_enable.c.obj
[251/609] Building C object esp-idf/esp_system/CMakeFiles/__idf_esp_system.dir/port/cpu_start.c.obj
[252/609] Building C object esp-idf/esp_system/CMakeFiles/__idf_esp_system.dir/port/soc/esp32p4/system_internal.c.obj
[253/609] Building C object esp-idf/spi_flash/CMakeFiles/__idf_spi_flash.dir/spi_flash_chip_issi.c.obj
[254/609] Building C object esp-idf/spi_flash/CMakeFiles/__idf_spi_flash.dir/spi_flash_hpm_enable.c.obj
[255/609] Building C object esp-idf/spi_flash/CMakeFiles/__idf_spi_flash.dir/spi_flash_chip_gd.c.obj
[256/609] Building C object esp-idf/spi_flash/CMakeFiles/__idf_spi_flash.dir/spi_flash_chip_boya.c.obj
[257/609] Building C object esp-idf/spi_flash/CMakeFiles/__idf_spi_flash.dir/spi_flash_chip_mxic.c.obj
[258/609] Building C object esp-idf/spi_flash/CMakeFiles/__idf_spi_flash.dir/spi_flash_chip_winbond.c.obj
[259/609] Building C object esp-idf/spi_flash/CMakeFiles/__idf_spi_flash.dir/spi_flash_chip_th.c.obj
[260/609] Building C object esp-idf/spi_flash/CMakeFiles/__idf_spi_flash.dir/spi_flash_blockdev.c.obj
[261/609] Building C object esp-idf/spi_flash/CMakeFiles/__idf_spi_flash.dir/spi_flash_chip_generic.c.obj
[262/609] Building C object esp-idf/spi_flash/CMakeFiles/__idf_spi_flash.dir/spi_flash_chip_mxic_opi.c.obj
[263/609] Building C object esp-idf/spi_flash/CMakeFiles/__idf_spi_flash.dir/memspi_host_driver.c.obj
[264/609] Building C object esp-idf/spi_flash/CMakeFiles/__idf_spi_flash.dir/cache_utils.c.obj
[265/609] Building C object esp-idf/spi_flash/CMakeFiles/__idf_spi_flash.dir/flash_mmap.c.obj
[266/609] Building C object esp-idf/spi_flash/CMakeFiles/__idf_spi_flash.dir/flash_ops.c.obj
[267/609] Building C object esp-idf/spi_flash/CMakeFiles/__idf_spi_flash.dir/spi_flash_wrap.c.obj
[268/609] Building C object esp-idf/spi_flash/CMakeFiles/__idf_spi_flash.dir/spi_flash_os_func_noos.c.obj
[269/609] Linking C static library esp-idf/esp_system/libesp_system.a
[270/609] Building C object esp-idf/bootloader_support/CMakeFiles/__idf_bootloader_support.dir/src/bootloader_clock_init.c.obj
[271/609] Building C object esp-idf/spi_flash/CMakeFiles/__idf_spi_flash.dir/spi_flash_os_func_app.c.obj
[272/609] Building C object esp-idf/spi_flash/CMakeFiles/__idf_spi_flash.dir/esp_flash_api.c.obj
[273/609] Building C object esp-idf/bootloader_support/CMakeFiles/__idf_bootloader_support.dir/src/bootloader_common_loader.c.obj
[274/609] Building C object esp-idf/bootloader_support/CMakeFiles/__idf_bootloader_support.dir/src/bootloader_mem.c.obj
[275/609] Building C object esp-idf/bootloader_support/CMakeFiles/__idf_bootloader_support.dir/src/bootloader_random.c.obj
[276/609] Building C object esp-idf/bootloader_support/CMakeFiles/__idf_bootloader_support.dir/src/bootloader_efuse.c.obj
[277/609] Building C object esp-idf/spi_flash/CMakeFiles/__idf_spi_flash.dir/esp_flash_spi_init.c.obj
[278/609] Building C object esp-idf/bootloader_support/CMakeFiles/__idf_bootloader_support.dir/src/flash_encrypt.c.obj
[279/609] Building C object esp-idf/bootloader_support/CMakeFiles/__idf_bootloader_support.dir/src/secure_boot.c.obj
[280/609] Building C object esp-idf/bootloader_support/CMakeFiles/__idf_bootloader_support.dir/src/bootloader_random_esp32p4.c.obj
[281/609] Building C object esp-idf/bootloader_support/CMakeFiles/__idf_bootloader_support.dir/src/bootloader_common.c.obj
[282/609] Building C object esp-idf/bootloader_support/CMakeFiles/__idf_bootloader_support.dir/bootloader_flash/src/flash_qio_mode.c.obj
[283/609] Building C object esp-idf/bootloader_support/CMakeFiles/__idf_bootloader_support.dir/src/flash_partitions.c.obj
[284/609] Building C object esp-idf/bootloader_support/CMakeFiles/__idf_bootloader_support.dir/src/esp32p4/secure_boot_secure_features.c.obj
[285/609] Building C object esp-idf/bootloader_support/CMakeFiles/__idf_bootloader_support.dir/bootloader_flash/src/bootloader_flash.c.obj
[286/609] Linking C static library esp-idf/spi_flash/libspi_flash.a
[287/609] Building C object esp-idf/bootloader_support/CMakeFiles/__idf_bootloader_support.dir/src/bootloader_sha.c.obj
[288/609] Building C object esp-idf/esp_hal_ana_conv/CMakeFiles/__idf_esp_hal_ana_conv.dir/esp32p4/adc_periph.c.obj
[289/609] Building C object esp-idf/esp_hal_ana_conv/CMakeFiles/__idf_esp_hal_ana_conv.dir/adc_hal_common.c.obj
[290/609] Building C object esp-idf/bootloader_support/CMakeFiles/__idf_bootloader_support.dir/src/esp_image_format.c.obj
[291/609] Building C object esp-idf/esp_hal_ana_conv/CMakeFiles/__idf_esp_hal_ana_conv.dir/esp32p4/temperature_sensor_periph.c.obj
[292/609] Building C object esp-idf/esp_hal_ana_conv/CMakeFiles/__idf_esp_hal_ana_conv.dir/adc_oneshot_hal.c.obj
[293/609] Building C object esp-idf/esp_hal_ana_conv/CMakeFiles/__idf_esp_hal_ana_conv.dir/temperature_sensor_hal.c.obj
[294/609] Building C object esp-idf/esp_hal_wdt/CMakeFiles/__idf_esp_hal_wdt.dir/esp32p4/mwdt_periph.c.obj
[295/609] Building C object esp-idf/esp_hal_timg/CMakeFiles/__idf_esp_hal_timg.dir/esp32p4/timer_periph.c.obj
[296/609] Building C object esp-idf/esp_hal_ana_conv/CMakeFiles/__idf_esp_hal_ana_conv.dir/adc_hal.c.obj
[297/609] Building C object esp-idf/bootloader_support/CMakeFiles/__idf_bootloader_support.dir/bootloader_flash/src/bootloader_flash_config_esp32p4.c.obj
[298/609] Building C object esp-idf/esp_hal_wdt/CMakeFiles/__idf_esp_hal_wdt.dir/rom_patch.c.obj
[299/609] Building C object esp-idf/mbedtls/mbedtls/tf-psa-crypto/drivers/everest/CMakeFiles/everest.dir/library/x25519.c.obj
[300/609] Building C object esp-idf/mbedtls/mbedtls/tf-psa-crypto/drivers/everest/CMakeFiles/everest.dir/library/Hacl_Curve25519_joined.c.obj
[301/609] Building C object esp-idf/esp_hal_timg/CMakeFiles/__idf_esp_hal_timg.dir/timer_hal.c.obj
[302/609] Building C object esp-idf/mbedtls/mbedtls/tf-psa-crypto/drivers/p256-m/CMakeFiles/p256-m.dir/p256-m_driver_entrypoints.c.obj
[303/609] Building C object esp-idf/mbedtls/mbedtls/tf-psa-crypto/drivers/builtin/CMakeFiles/builtin.dir/src/aesce.c.obj
[304/609] Building C object esp-idf/mbedtls/mbedtls/tf-psa-crypto/drivers/p256-m/CMakeFiles/p256-m.dir/p256-m/p256-m.c.obj
[305/609] Building C object esp-idf/bootloader_support/CMakeFiles/__idf_bootloader_support.dir/src/bootloader_utility.c.obj
[306/609] Building C object esp-idf/mbedtls/mbedtls/tf-psa-crypto/drivers/builtin/CMakeFiles/builtin.dir/src/aesni.c.obj
[307/609] Linking C static library esp-idf/bootloader_support/libbootloader_support.a
[308/609] Building C object esp-idf/mbedtls/mbedtls/tf-psa-crypto/drivers/builtin/CMakeFiles/builtin.dir/src/bignum_mod.c.obj
[309/609] Linking C static library esp-idf/esp_hal_ana_conv/libesp_hal_ana_conv.a
[310/609] Linking C static library esp-idf/esp_hal_wdt/libesp_hal_wdt.a
[311/609] Building C object esp-idf/mbedtls/mbedtls/tf-psa-crypto/drivers/builtin/CMakeFiles/builtin.dir/src/bignum_mod_raw.c.obj
[312/609] Linking C static library esp-idf/esp_hal_timg/libesp_hal_timg.a
[313/609] Building C object esp-idf/mbedtls/mbedtls/tf-psa-crypto/drivers/builtin/CMakeFiles/builtin.dir/src/aria.c.obj
[314/609] Linking CXX static library esp-idf/mbedtls/mbedtls/tf-psa-crypto/drivers/everest/libeverest.a
[315/609] Building C object esp-idf/mbedtls/mbedtls/tf-psa-crypto/drivers/builtin/CMakeFiles/builtin.dir/src/block_cipher.c.obj
[316/609] Linking CXX static library esp-idf/mbedtls/mbedtls/tf-psa-crypto/drivers/p256-m/libp256-m.a
[317/609] Building C object esp-idf/mbedtls/mbedtls/tf-psa-crypto/drivers/builtin/CMakeFiles/builtin.dir/src/camellia.c.obj
[318/609] Building C object esp-idf/mbedtls/mbedtls/tf-psa-crypto/drivers/builtin/CMakeFiles/builtin.dir/src/aes.c.obj
[319/609] Building C object esp-idf/mbedtls/mbedtls/tf-psa-crypto/drivers/builtin/CMakeFiles/builtin.dir/src/bignum_core.c.obj
[320/609] Building C object esp-idf/mbedtls/mbedtls/tf-psa-crypto/drivers/builtin/CMakeFiles/builtin.dir/src/chacha20_neon.c.obj
[321/609] Building C object esp-idf/mbedtls/mbedtls/tf-psa-crypto/drivers/builtin/CMakeFiles/builtin.dir/src/chacha20.c.obj
[322/609] Building C object esp-idf/mbedtls/mbedtls/tf-psa-crypto/drivers/builtin/CMakeFiles/builtin.dir/src/chachapoly.c.obj
[323/609] Building C object esp-idf/mbedtls/mbedtls/tf-psa-crypto/drivers/builtin/CMakeFiles/builtin.dir/src/ccm.c.obj
[324/609] Building C object esp-idf/mbedtls/mbedtls/tf-psa-crypto/drivers/builtin/CMakeFiles/builtin.dir/src/cmac.c.obj
[325/609] Building C object esp-idf/mbedtls/mbedtls/tf-psa-crypto/drivers/builtin/CMakeFiles/builtin.dir/src/ecjpake.c.obj
[326/609] Building C object esp-idf/mbedtls/mbedtls/tf-psa-crypto/drivers/builtin/CMakeFiles/builtin.dir/src/cipher_wrap.c.obj
[327/609] Building C object esp-idf/mbedtls/mbedtls/tf-psa-crypto/drivers/builtin/CMakeFiles/builtin.dir/src/ecdsa.c.obj
[328/609] Building C object esp-idf/mbedtls/mbedtls/tf-psa-crypto/drivers/builtin/CMakeFiles/builtin.dir/src/bignum.c.obj
[329/609] Building C object esp-idf/mbedtls/mbedtls/tf-psa-crypto/drivers/builtin/CMakeFiles/builtin.dir/src/ecp_curves_new.c.obj
[330/609] Building C object esp-idf/mbedtls/mbedtls/tf-psa-crypto/drivers/builtin/CMakeFiles/builtin.dir/src/cipher.c.obj
[331/609] Building C object esp-idf/mbedtls/mbedtls/tf-psa-crypto/drivers/builtin/CMakeFiles/builtin.dir/src/ctr_drbg.c.obj
[332/609] Building C object esp-idf/mbedtls/mbedtls/tf-psa-crypto/drivers/builtin/CMakeFiles/builtin.dir/src/entropy.c.obj
[333/609] Building C object esp-idf/mbedtls/mbedtls/tf-psa-crypto/drivers/builtin/CMakeFiles/builtin.dir/src/entropy_poll.c.obj
[334/609] Building C object esp-idf/mbedtls/mbedtls/tf-psa-crypto/drivers/builtin/CMakeFiles/builtin.dir/src/md5.c.obj
[335/609] Building C object esp-idf/mbedtls/mbedtls/tf-psa-crypto/drivers/builtin/CMakeFiles/builtin.dir/src/poly1305.c.obj
[336/609] Building C object esp-idf/mbedtls/mbedtls/tf-psa-crypto/drivers/builtin/CMakeFiles/builtin.dir/src/ecp_curves.c.obj
[337/609] Building C object esp-idf/mbedtls/mbedtls/tf-psa-crypto/drivers/builtin/CMakeFiles/builtin.dir/src/hmac_drbg.c.obj
[338/609] Building C object esp-idf/mbedtls/mbedtls/tf-psa-crypto/drivers/builtin/CMakeFiles/builtin.dir/src/psa_crypto_aead.c.obj
[339/609] Building C object esp-idf/mbedtls/mbedtls/tf-psa-crypto/drivers/builtin/CMakeFiles/builtin.dir/src/gcm.c.obj
[340/609] Building C object esp-idf/mbedtls/mbedtls/tf-psa-crypto/drivers/builtin/CMakeFiles/builtin.dir/src/psa_crypto_ffdh.c.obj
[341/609] Building C object esp-idf/mbedtls/mbedtls/tf-psa-crypto/drivers/builtin/CMakeFiles/builtin.dir/src/psa_crypto_ecp.c.obj
[342/609] Building C object esp-idf/mbedtls/mbedtls/tf-psa-crypto/drivers/builtin/CMakeFiles/builtin.dir/src/psa_crypto_cipher.c.obj
[343/609] Building C object esp-idf/mbedtls/mbedtls/tf-psa-crypto/drivers/builtin/CMakeFiles/builtin.dir/src/psa_crypto_hash.c.obj
[344/609] Building C object esp-idf/mbedtls/mbedtls/tf-psa-crypto/drivers/builtin/CMakeFiles/builtin.dir/src/psa_crypto_pake.c.obj
[345/609] Building C object esp-idf/mbedtls/mbedtls/tf-psa-crypto/drivers/builtin/CMakeFiles/builtin.dir/src/ripemd160.c.obj
[346/609] Building C object esp-idf/mbedtls/mbedtls/tf-psa-crypto/drivers/builtin/CMakeFiles/builtin.dir/src/psa_crypto_xof.c.obj
[347/609] Building C object esp-idf/mbedtls/mbedtls/tf-psa-crypto/drivers/builtin/CMakeFiles/builtin.dir/src/psa_util_internal.c.obj
[348/609] Building C object esp-idf/mbedtls/mbedtls/tf-psa-crypto/drivers/builtin/CMakeFiles/builtin.dir/src/sha1.c.obj
[349/609] Building C object esp-idf/mbedtls/mbedtls/tf-psa-crypto/drivers/builtin/CMakeFiles/builtin.dir/src/rsa_alt_helpers.c.obj
[350/609] Building C object esp-idf/mbedtls/mbedtls/tf-psa-crypto/drivers/builtin/CMakeFiles/builtin.dir/src/psa_crypto_mac.c.obj
[351/609] Building C object esp-idf/mbedtls/mbedtls/tf-psa-crypto/drivers/builtin/CMakeFiles/builtin.dir/src/ecp.c.obj
[352/609] Building C object esp-idf/mbedtls/mbedtls/tf-psa-crypto/drivers/builtin/CMakeFiles/builtin.dir/src/psa_crypto_rsa.c.obj
[353/609] Building C object esp-idf/mbedtls/mbedtls/tf-psa-crypto/drivers/builtin/CMakeFiles/builtin.dir/src/sha512.c.obj
[354/609] Building C object esp-idf/mbedtls/mbedtls/tf-psa-crypto/drivers/builtin/CMakeFiles/builtin.dir/media/cloud/2982-E16B/tactility_p4_work/tools/esp-idf-v6.1/components/mbedtls/port/ecc/esp_ecc.c.obj
[355/609] Building C object esp-idf/mbedtls/mbedtls/tf-psa-crypto/drivers/pqcp/CMakeFiles/pqcp.dir/src/psa_crypto_mldsa.c.obj
[356/609] Building C object esp-idf/mbedtls/mbedtls/tf-psa-crypto/drivers/pqcp/CMakeFiles/pqcp.dir/src/wrap_mldsa_native.c.obj
[357/609] Building C object esp-idf/mbedtls/mbedtls/tf-psa-crypto/extras/CMakeFiles/extras.dir/lmots.c.obj
[358/609] Building C object esp-idf/mbedtls/mbedtls/tf-psa-crypto/drivers/builtin/CMakeFiles/builtin.dir/src/sha256.c.obj
[359/609] Building C object esp-idf/mbedtls/mbedtls/tf-psa-crypto/extras/CMakeFiles/extras.dir/lms.c.obj
[360/609] Building C object esp-idf/mbedtls/mbedtls/tf-psa-crypto/drivers/builtin/CMakeFiles/builtin.dir/media/cloud/2982-E16B/tactility_p4_work/tools/esp-idf-v6.1/components/mbedtls/port/ecc/ecc_alt.c.obj
[361/609] Building C object esp-idf/mbedtls/mbedtls/tf-psa-crypto/extras/CMakeFiles/extras.dir/nist_kw.c.obj
[362/609] Building C object esp-idf/mbedtls/mbedtls/tf-psa-crypto/drivers/builtin/CMakeFiles/builtin.dir/src/sha3.c.obj
[363/609] Building C object esp-idf/mbedtls/mbedtls/tf-psa-crypto/extras/CMakeFiles/extras.dir/md.c.obj
[364/609] Building C object esp-idf/mbedtls/mbedtls/tf-psa-crypto/extras/CMakeFiles/extras.dir/pk_rsa.c.obj
[365/609] Building C object esp-idf/mbedtls/mbedtls/tf-psa-crypto/drivers/builtin/CMakeFiles/builtin.dir/src/rsa.c.obj
[366/609] Building C object esp-idf/mbedtls/mbedtls/tf-psa-crypto/extras/CMakeFiles/extras.dir/pk_ecc.c.obj
[367/609] Building C object esp-idf/mbedtls/mbedtls/tf-psa-crypto/extras/CMakeFiles/extras.dir/pk_wrap.c.obj
[368/609] Building C object esp-idf/mbedtls/mbedtls/tf-psa-crypto/platform/CMakeFiles/platform.dir/memory_buffer_alloc.c.obj
[369/609] Building C object esp-idf/mbedtls/mbedtls/tf-psa-crypto/platform/CMakeFiles/platform.dir/platform.c.obj
[370/609] Linking CXX static library esp-idf/mbedtls/mbedtls/tf-psa-crypto/drivers/builtin/libmbed-builtin.a
[371/609] Building C object esp-idf/mbedtls/mbedtls/tf-psa-crypto/extras/CMakeFiles/extras.dir/pk.c.obj
[372/609] Building C object esp-idf/mbedtls/mbedtls/tf-psa-crypto/platform/CMakeFiles/platform.dir/platform_util.c.obj
[373/609] Linking CXX static library esp-idf/mbedtls/mbedtls/tf-psa-crypto/drivers/pqcp/libpqcp.a
[374/609] Building C object esp-idf/mbedtls/mbedtls/tf-psa-crypto/extras/CMakeFiles/extras.dir/pkparse.c.obj
[375/609] Building C object esp-idf/mbedtls/mbedtls/tf-psa-crypto/platform/CMakeFiles/platform.dir/threading.c.obj
[376/609] Building C object esp-idf/mbedtls/mbedtls/tf-psa-crypto/utilities/CMakeFiles/utilities.dir/asn1write.c.obj
[377/609] Building C object esp-idf/mbedtls/mbedtls/tf-psa-crypto/extras/CMakeFiles/extras.dir/pkwrite.c.obj
[378/609] Building C object esp-idf/mbedtls/mbedtls/tf-psa-crypto/utilities/CMakeFiles/utilities.dir/asn1parse.c.obj
[379/609] Building C object esp-idf/mbedtls/mbedtls/tf-psa-crypto/utilities/CMakeFiles/utilities.dir/base64.c.obj
[380/609] Building C object esp-idf/mbedtls/mbedtls/tf-psa-crypto/utilities/CMakeFiles/utilities.dir/constant_time.c.obj
[381/609] Linking CXX static library esp-idf/mbedtls/mbedtls/tf-psa-crypto/extras/libextras.a
[382/609] Linking CXX static library esp-idf/mbedtls/mbedtls/tf-psa-crypto/platform/libplatform.a
[383/609] Building C object esp-idf/mbedtls/mbedtls/tf-psa-crypto/utilities/CMakeFiles/utilities.dir/oid.c.obj
[384/609] Building C object esp-idf/mbedtls/mbedtls/tf-psa-crypto/core/CMakeFiles/tfpsacrypto.dir/psa_crypto_random.c.obj
[385/609] Building C object esp-idf/mbedtls/mbedtls/tf-psa-crypto/utilities/CMakeFiles/utilities.dir/pem.c.obj
[386/609] Building C object esp-idf/mbedtls/mbedtls/tf-psa-crypto/utilities/CMakeFiles/utilities.dir/pkcs5.c.obj
[387/609] Building C object esp-idf/mbedtls/mbedtls/tf-psa-crypto/core/CMakeFiles/tfpsacrypto.dir/psa_crypto_client.c.obj
[388/609] Linking CXX static library esp-idf/mbedtls/mbedtls/tf-psa-crypto/utilities/libutilities.a
[389/609] Building C object esp-idf/mbedtls/mbedtls/tf-psa-crypto/core/CMakeFiles/tfpsacrypto.dir/psa_crypto_storage.c.obj
[390/609] Building C object esp-idf/mbedtls/mbedtls/tf-psa-crypto/core/CMakeFiles/tfpsacrypto.dir/psa_its_file.c.obj
[391/609] Building C object esp-idf/mbedtls/mbedtls/tf-psa-crypto/core/CMakeFiles/tfpsacrypto.dir/psa_crypto_slot_management.c.obj
[392/609] Building C object esp-idf/mbedtls/mbedtls/tf-psa-crypto/core/CMakeFiles/tfpsacrypto.dir/tf_psa_crypto_version.c.obj
[393/609] Building C object esp-idf/mbedtls/mbedtls/tf-psa-crypto/core/CMakeFiles/tfpsacrypto.dir/tf_psa_crypto_config.c.obj
[394/609] Building C object esp-idf/mbedtls/mbedtls/tf-psa-crypto/core/CMakeFiles/tfpsacrypto.dir/psa_util.c.obj
[395/609] Building C object esp-idf/mbedtls/mbedtls/tf-psa-crypto/core/CMakeFiles/tfpsacrypto.dir/psa_crypto_driver_wrappers_no_static.c.obj
[396/609] Building C object esp-idf/mbedtls/mbedtls/tf-psa-crypto/core/CMakeFiles/tfpsacrypto.dir/media/cloud/2982-E16B/tactility_p4_work/tools/esp-idf-v6.1/components/mbedtls/port/sha/core/esp_sha_gdma_impl.c.obj
[397/609] Building C object esp-idf/mbedtls/mbedtls/tf-psa-crypto/core/CMakeFiles/tfpsacrypto.dir/media/cloud/2982-E16B/tactility_p4_work/tools/esp-idf-v6.1/components/mbedtls/port/aes/dma/esp_aes_gdma_impl.c.obj
[398/609] Building C object esp-idf/mbedtls/mbedtls/tf-psa-crypto/core/CMakeFiles/tfpsacrypto.dir/media/cloud/2982-E16B/tactility_p4_work/tools/esp-idf-v6.1/components/mbedtls/port/esp_hardware.c.obj
[399/609] Building C object esp-idf/mbedtls/mbedtls/tf-psa-crypto/core/CMakeFiles/tfpsacrypto.dir/media/cloud/2982-E16B/tactility_p4_work/tools/esp-idf-v6.1/components/mbedtls/port/aes/esp_aes_xts.c.obj
[400/609] Building C object esp-idf/mbedtls/mbedtls/tf-psa-crypto/core/CMakeFiles/tfpsacrypto.dir/media/cloud/2982-E16B/tactility_p4_work/tools/esp-idf-v6.1/components/mbedtls/port/crypto_shared_gdma/esp_crypto_shared_gdma.c.obj
[401/609] Building C object esp-idf/mbedtls/mbedtls/tf-psa-crypto/core/CMakeFiles/tfpsacrypto.dir/media/cloud/2982-E16B/tactility_p4_work/tools/esp-idf-v6.1/components/mbedtls/port/aes/esp_aes_common.c.obj
[402/609] Building C object esp-idf/mbedtls/mbedtls/tf-psa-crypto/core/CMakeFiles/tfpsacrypto.dir/media/cloud/2982-E16B/tactility_p4_work/tools/esp-idf-v6.1/components/mbedtls/port/aes/esp_aes_gcm.c.obj
[403/609] Building C object esp-idf/mbedtls/mbedtls/tf-psa-crypto/core/CMakeFiles/tfpsacrypto.dir/media/cloud/2982-E16B/tactility_p4_work/tools/esp-idf-v6.1/components/mbedtls/port/psa_driver/esp_sha/psa_crypto_driver_esp_sha.c.obj
[404/609] Building C object esp-idf/mbedtls/mbedtls/tf-psa-crypto/core/CMakeFiles/tfpsacrypto.dir/media/cloud/2982-E16B/tactility_p4_work/tools/esp-idf-v6.1/components/mbedtls/port/aes/esp_aes.c.obj
[405/609] Building C object esp-idf/mbedtls/mbedtls/tf-psa-crypto/core/CMakeFiles/tfpsacrypto.dir/media/cloud/2982-E16B/tactility_p4_work/tools/esp-idf-v6.1/components/mbedtls/port/aes/dma/esp_aes_dma_core.c.obj
[406/609] Building C object esp-idf/mbedtls/mbedtls/tf-psa-crypto/core/CMakeFiles/tfpsacrypto.dir/media/cloud/2982-E16B/tactility_p4_work/tools/esp-idf-v6.1/components/mbedtls/port/psa_driver/esp_sha/core/psa_crypto_driver_esp_sha256.c.obj
[407/609] Building C object esp-idf/mbedtls/mbedtls/tf-psa-crypto/core/CMakeFiles/tfpsacrypto.dir/media/cloud/2982-E16B/tactility_p4_work/tools/esp-idf-v6.1/components/mbedtls/port/sha/esp_sha.c.obj
[408/609] Building C object esp-idf/mbedtls/mbedtls/tf-psa-crypto/core/CMakeFiles/tfpsacrypto.dir/media/cloud/2982-E16B/tactility_p4_work/tools/esp-idf-v6.1/components/mbedtls/port/psa_driver/esp_sha/core/psa_crypto_driver_esp_sha1.c.obj
[409/609] Building C object esp-idf/mbedtls/mbedtls/tf-psa-crypto/core/CMakeFiles/tfpsacrypto.dir/media/cloud/2982-E16B/tactility_p4_work/tools/esp-idf-v6.1/components/mbedtls/port/sha/core/sha.c.obj
[410/609] Building C object esp-idf/mbedtls/mbedtls/tf-psa-crypto/core/CMakeFiles/tfpsacrypto.dir/media/cloud/2982-E16B/tactility_p4_work/tools/esp-idf-v6.1/components/mbedtls/port/psa_driver/esp_sha/core/psa_crypto_driver_esp_sha512.c.obj
[411/609] Building C object esp-idf/mbedtls/mbedtls/tf-psa-crypto/core/CMakeFiles/tfpsacrypto.dir/media/cloud/2982-E16B/tactility_p4_work/tools/esp-idf-v6.1/components/mbedtls/port/psa_driver/esp_mac/psa_crypto_driver_esp_hmac_transparent.c.obj
[412/609] Building C object esp-idf/mbedtls/mbedtls/tf-psa-crypto/core/CMakeFiles/tfpsacrypto.dir/media/cloud/2982-E16B/tactility_p4_work/tools/esp-idf-v6.1/components/mbedtls/port/psa_driver/esp_md/psa_crypto_driver_esp_md5.c.obj
[413/609] Building C object esp-idf/mbedtls/mbedtls/tf-psa-crypto/core/CMakeFiles/tfpsacrypto.dir/media/cloud/2982-E16B/tactility_p4_work/tools/esp-idf-v6.1/components/mbedtls/port/psa_driver/esp_mac/psa_crypto_driver_esp_hmac_opaque.c.obj
[414/609] Building C object esp-idf/mbedtls/mbedtls/tf-psa-crypto/core/CMakeFiles/tfpsacrypto.dir/media/cloud/2982-E16B/tactility_p4_work/tools/esp-idf-v6.1/components/mbedtls/port/bignum/bignum_alt.c.obj
[415/609] Building C object esp-idf/mbedtls/mbedtls/tf-psa-crypto/core/CMakeFiles/tfpsacrypto.dir/media/cloud/2982-E16B/tactility_p4_work/tools/esp-idf-v6.1/components/mbedtls/port/bignum/esp_bignum.c.obj
[416/609] Building C object esp-idf/mbedtls/mbedtls/tf-psa-crypto/core/CMakeFiles/tfpsacrypto.dir/media/cloud/2982-E16B/tactility_p4_work/tools/esp-idf-v6.1/components/mbedtls/port/esp_hmac_pbkdf2.c.obj
[417/609] Building C object esp-idf/mbedtls/mbedtls/tf-psa-crypto/core/CMakeFiles/tfpsacrypto.dir/media/cloud/2982-E16B/tactility_p4_work/tools/esp-idf-v6.1/components/mbedtls/port/psa_driver/esp_aes/psa_crypto_driver_esp_aes_gcm.c.obj
[418/609] Building C object esp-idf/mbedtls/mbedtls/tf-psa-crypto/core/CMakeFiles/tfpsacrypto.dir/media/cloud/2982-E16B/tactility_p4_work/tools/esp-idf-v6.1/components/mbedtls/port/psa_driver/esp_mac/psa_crypto_driver_esp_cmac.c.obj
[419/609] Building C object esp-idf/mbedtls/mbedtls/library/CMakeFiles/mbedtls.dir/debug.c.obj
[420/609] Building C object esp-idf/mbedtls/mbedtls/library/CMakeFiles/mbedtls.dir/mps_reader.c.obj
[421/609] Building C object esp-idf/mbedtls/mbedtls/tf-psa-crypto/core/CMakeFiles/tfpsacrypto.dir/media/cloud/2982-E16B/tactility_p4_work/tools/esp-idf-v6.1/components/mbedtls/port/psa_driver/esp_aes/psa_crypto_driver_esp_aes.c.obj
[422/609] Building C object esp-idf/mbedtls/mbedtls/library/CMakeFiles/mbedtls.dir/mps_trace.c.obj
[423/609] Building C object esp-idf/mbedtls/mbedtls/tf-psa-crypto/core/CMakeFiles/tfpsacrypto.dir/media/cloud/2982-E16B/tactility_p4_work/tools/esp-idf-v6.1/components/mbedtls/port/psa_driver/esp_ecdsa/psa_crypto_driver_esp_ecdsa.c.obj
[424/609] Building C object esp-idf/mbedtls/mbedtls/library/CMakeFiles/mbedtls.dir/ssl_cookie.c.obj
[425/609] Building C object esp-idf/mbedtls/mbedtls/library/CMakeFiles/mbedtls.dir/ssl_client.c.obj
[426/609] Building C object esp-idf/mbedtls/mbedtls/library/CMakeFiles/mbedtls.dir/ssl_debug_helpers_generated.c.obj
[427/609] Building C object esp-idf/mbedtls/mbedtls/library/CMakeFiles/mbedtls.dir/ssl_ciphersuites.c.obj
[428/609] Building C object esp-idf/mbedtls/mbedtls/library/CMakeFiles/mbedtls.dir/ssl_cache.c.obj
[429/609] Building C object esp-idf/mbedtls/mbedtls/library/CMakeFiles/mbedtls.dir/ssl_ticket.c.obj
[430/609] Building C object esp-idf/mbedtls/mbedtls/library/CMakeFiles/mbedtls.dir/ssl_tls12_client.c.obj
[431/609] Building C object esp-idf/mbedtls/mbedtls/library/CMakeFiles/mbedtls.dir/ssl_msg.c.obj
[432/609] Building C object esp-idf/mbedtls/mbedtls/tf-psa-crypto/core/CMakeFiles/tfpsacrypto.dir/psa_crypto.c.obj
[433/609] Building C object esp-idf/mbedtls/mbedtls/library/CMakeFiles/mbedtls.dir/ssl_tls13_keys.c.obj
[434/609] Building C object esp-idf/mbedtls/mbedtls/library/CMakeFiles/mbedtls.dir/ssl_tls13_server.c.obj
[435/609] Building C object esp-idf/mbedtls/mbedtls/library/CMakeFiles/mbedtls.dir/ssl_tls13_client.c.obj
[436/609] Building C object esp-idf/mbedtls/mbedtls/library/CMakeFiles/mbedtls.dir/ssl_tls13_generic.c.obj
[437/609] Building C object esp-idf/mbedtls/mbedtls/library/CMakeFiles/mbedtls.dir/version_features.c.obj
[438/609] Building C object esp-idf/mbedtls/mbedtls/library/CMakeFiles/mbedtls.dir/timing.c.obj
[439/609] Building C object esp-idf/mbedtls/mbedtls/library/CMakeFiles/mbedtls.dir/version.c.obj
[440/609] Building C object esp-idf/mbedtls/mbedtls/library/CMakeFiles/mbedtls.dir/ssl_tls12_server.c.obj
[441/609] Building C object esp-idf/mbedtls/mbedtls/library/CMakeFiles/mbedtls.dir/media/cloud/2982-E16B/tactility_p4_work/tools/esp-idf-v6.1/components/mbedtls/port/esp_timing.c.obj
[442/609] Building C object esp-idf/mbedtls/mbedtls/library/CMakeFiles/mbedtls.dir/media/cloud/2982-E16B/tactility_p4_work/tools/esp-idf-v6.1/components/mbedtls/port/mbedtls_debug.c.obj
[443/609] Linking CXX static library esp-idf/mbedtls/mbedtls/tf-psa-crypto/core/libtfpsacrypto.a
[444/609] Building C object esp-idf/mbedtls/mbedtls/library/CMakeFiles/mbedtls.dir/media/cloud/2982-E16B/tactility_p4_work/tools/esp-idf-v6.1/components/mbedtls/port/esp_platform_time.c.obj
[445/609] Building C object esp-idf/mbedtls/mbedtls/library/CMakeFiles/mbedx509.dir/mbedtls_config.c.obj
[446/609] Building C object esp-idf/mbedtls/mbedtls/library/CMakeFiles/mbedtls.dir/media/cloud/2982-E16B/tactility_p4_work/tools/esp-idf-v6.1/components/mbedtls/port/esp_psa_crypto_init.c.obj
[447/609] Building C object esp-idf/mbedtls/mbedtls/library/CMakeFiles/mbedx509.dir/x509_create.c.obj
[448/609] Building C object esp-idf/mbedtls/mbedtls/library/CMakeFiles/mbedx509.dir/error.c.obj
[449/609] Building C object esp-idf/mbedtls/mbedtls/library/CMakeFiles/mbedx509.dir/pkcs7.c.obj
[450/609] Building C object esp-idf/mbedtls/mbedtls/library/CMakeFiles/mbedx509.dir/x509_crl.c.obj
[451/609] Building C object esp-idf/mbedtls/mbedtls/library/CMakeFiles/mbedx509.dir/x509_oid.c.obj
[452/609] Building C object esp-idf/mbedtls/mbedtls/library/CMakeFiles/mbedx509.dir/x509write.c.obj
[453/609] Building C object esp-idf/mbedtls/mbedtls/library/CMakeFiles/mbedtls.dir/ssl_tls.c.obj
[454/609] Building C object esp-idf/mbedtls/mbedtls/library/CMakeFiles/mbedx509.dir/x509write_crt.c.obj
[455/609] Building C object esp-idf/mbedtls/mbedtls/library/CMakeFiles/mbedx509.dir/x509.c.obj
[456/609] Building C object esp-idf/mbedtls/mbedtls/library/CMakeFiles/mbedx509.dir/x509_csr.c.obj
[457/609] Building C object esp-idf/mbedtls/mbedtls/library/CMakeFiles/mbedx509.dir/x509write_csr.c.obj
[458/609] Linking CXX static library esp-idf/mbedtls/mbedtls/library/libmbedtls.a
[459/609] Building C object esp-idf/mbedtls/mbedtls/library/CMakeFiles/mbedx509.dir/x509_crt.c.obj
[460/609] Linking CXX static library esp-idf/mbedtls/mbedtls/library/libmbedx509.a
[461/609] Building ASM object esp-idf/mbedtls/CMakeFiles/__idf_mbedtls.dir/__/__/x509_crt_bundle.S.obj
[462/609] Building C object esp-idf/mbedtls/CMakeFiles/__idf_mbedtls.dir/port/esp_mem.c.obj
[463/609] Building C object esp-idf/esp_driver_dma/CMakeFiles/__idf_esp_driver_dma.dir/src/esp_dma_utils.c.obj
[464/609] Building C object esp-idf/mbedtls/CMakeFiles/__idf_mbedtls.dir/port/psa_crypto_storage/esp_psa_key_file.c.obj
[465/609] Building C object esp-idf/esp_driver_dma/CMakeFiles/__idf_esp_driver_dma.dir/esp32p4/gdma_retention.c.obj
[466/609] Building C object esp-idf/mbedtls/CMakeFiles/__idf_mbedtls.dir/esp_crt_bundle/esp_crt_bundle.c.obj
[467/609] Building C object esp-idf/esp_driver_dma/CMakeFiles/__idf_esp_driver_dma.dir/src/gdma_link.c.obj
[468/609] Building C object esp-idf/esp_driver_dma/CMakeFiles/__idf_esp_driver_dma.dir/src/gdma_etm.c.obj
[469/609] Building C object esp-idf/esp_driver_dma/CMakeFiles/__idf_esp_driver_dma.dir/src/gdma_sleep.c.obj
[470/609] Building C object esp-idf/esp_driver_dma/CMakeFiles/__idf_esp_driver_dma.dir/src/esp_async_crc.c.obj
[471/609] Building C object esp-idf/esp_driver_dma/CMakeFiles/__idf_esp_driver_dma.dir/src/gdma.c.obj
[472/609] Building C object esp-idf/esp_driver_dma/CMakeFiles/__idf_esp_driver_dma.dir/src/gdma_crc.c.obj
[473/609] Building C object esp-idf/esp_driver_dma/CMakeFiles/__idf_esp_driver_dma.dir/src/esp_async_memcpy.c.obj
[474/609] Building C object esp-idf/esp_driver_dma/CMakeFiles/__idf_esp_driver_dma.dir/src/async_crc_gdma.c.obj
[475/609] Building C object esp-idf/esp_driver_dma/CMakeFiles/__idf_esp_driver_dma.dir/src/async_memcpy_gdma.c.obj
[476/609] Building C object esp-idf/esp_driver_dma/CMakeFiles/__idf_esp_driver_dma.dir/src/esp_async_color_convert.c.obj
[477/609] Linking C static library esp-idf/mbedtls/libmbedtls.a
[478/609] Building C object esp-idf/esp_mm/CMakeFiles/__idf_esp_mm.dir/port/esp32p4/ext_mem_layout.c.obj
[479/609] Building C object esp-idf/esp_driver_dma/CMakeFiles/__idf_esp_driver_dma.dir/esp32p4/dma2d_retention.c.obj
[480/609] Building C object esp-idf/esp_driver_dma/CMakeFiles/__idf_esp_driver_dma.dir/src/async_color_convert_dma2d.c.obj
[481/609] Building C object esp-idf/esp_mm/CMakeFiles/__idf_esp_mm.dir/esp_cache_utils.c.obj
[482/609] Building C object esp-idf/esp_driver_dma/CMakeFiles/__idf_esp_driver_dma.dir/src/dw_gdma.c.obj
[483/609] Building C object esp-idf/esp_mm/CMakeFiles/__idf_esp_mm.dir/esp_cache_msync.c.obj
[484/609] Building C object esp-idf/esp_pm/CMakeFiles/__idf_esp_pm.dir/pm_locks.c.obj
[485/609] Building C object esp-idf/esp_driver_dma/CMakeFiles/__idf_esp_driver_dma.dir/src/dma2d.c.obj
[486/609] Linking C static library esp-idf/esp_driver_dma/libesp_driver_dma.a
[487/609] Building C object esp-idf/esp_pm/CMakeFiles/__idf_esp_pm.dir/pm_trace.c.obj
[488/609] Building C object esp-idf/esp_hal_uart/CMakeFiles/__idf_esp_hal_uart.dir/esp32p4/uart_periph.c.obj
[489/609] Building C object esp-idf/esp_hal_uart/CMakeFiles/__idf_esp_hal_uart.dir/uart_hal_iram.c.obj
[490/609] Building C object esp-idf/esp_mm/CMakeFiles/__idf_esp_mm.dir/esp_mmu_map.c.obj
[491/609] Linking C static library esp-idf/esp_mm/libesp_mm.a
[492/609] Building C object esp-idf/esp_pm/CMakeFiles/__idf_esp_pm.dir/pm_impl.c.obj
[493/609] Building C object esp-idf/esp_hal_uart/CMakeFiles/__idf_esp_hal_uart.dir/uhci_hal.c.obj
[494/609] Building C object esp-idf/esp_driver_gpio/CMakeFiles/__idf_esp_driver_gpio.dir/src/gpio_glitch_filter_ops.c.obj
[495/609] Linking C static library esp-idf/esp_pm/libesp_pm.a
[496/609] Building C object esp-idf/esp_hal_uart/CMakeFiles/__idf_esp_hal_uart.dir/uart_hal.c.obj
[497/609] Building C object esp-idf/esp_driver_gpio/CMakeFiles/__idf_esp_driver_gpio.dir/src/rtc_io.c.obj
[498/609] Building C object esp-idf/esp_driver_gpio/CMakeFiles/__idf_esp_driver_gpio.dir/src/gpio_flex_glitch_filter.c.obj
[499/609] Building C object esp-idf/esp_driver_gpio/CMakeFiles/__idf_esp_driver_gpio.dir/src/dedic_gpio.c.obj
[500/609] Linking C static library esp-idf/esp_hal_uart/libesp_hal_uart.a
[501/609] Building C object esp-idf/esp_driver_gpio/CMakeFiles/__idf_esp_driver_gpio.dir/src/gpio_pin_glitch_filter.c.obj
[502/609] Building C object esp-idf/esp_driver_gpio/CMakeFiles/__idf_esp_driver_gpio.dir/src/gpio_etm.c.obj
[503/609] Building C object esp-idf/esp_security/CMakeFiles/__idf_esp_security.dir/src/esp_hmac.c.obj
[504/609] Building C object esp-idf/esp_security/CMakeFiles/__idf_esp_security.dir/src/init.c.obj
[505/609] Building C object esp-idf/esp_security/CMakeFiles/__idf_esp_security.dir/src/esp_ds.c.obj
[506/609] Building C object esp-idf/esp_security/CMakeFiles/__idf_esp_security.dir/src/esp_crypto_lock.c.obj
[507/609] Building C object esp-idf/esp_security/CMakeFiles/__idf_esp_security.dir/src/esp32p4/esp_crypto_clk.c.obj
[508/609] Building C object esp-idf/esp_security/CMakeFiles/__idf_esp_security.dir/src/esp_key_mgr.c.obj
[509/609] Building C object esp-idf/efuse/CMakeFiles/__idf_efuse.dir/esp32p4/esp_efuse_table.c.obj
[510/609] Building C object esp-idf/esp_security/CMakeFiles/__idf_esp_security.dir/src/esp_crypto_periph_clk.c.obj
[511/609] Building C object esp-idf/efuse/CMakeFiles/__idf_efuse.dir/esp32p4/esp_efuse_utility.c.obj
[512/609] Building C object esp-idf/efuse/CMakeFiles/__idf_efuse.dir/esp32p4/esp_efuse_fields.c.obj
[513/609] Building C object esp-idf/efuse/CMakeFiles/__idf_efuse.dir/esp32p4/esp_efuse_rtc_calib.c.obj
[514/609] Building C object esp-idf/esp_driver_gpio/CMakeFiles/__idf_esp_driver_gpio.dir/src/gpio.c.obj
[515/609] Linking C static library esp-idf/esp_driver_gpio/libesp_driver_gpio.a
[516/609] Linking C static library esp-idf/esp_security/libesp_security.a
[517/609] Building C object esp-idf/efuse/CMakeFiles/__idf_efuse.dir/src/esp_efuse_fields.c.obj
[518/609] Building C object esp-idf/efuse/CMakeFiles/__idf_efuse.dir/src/esp_efuse_api.c.obj
[519/609] Building C object esp-idf/efuse/CMakeFiles/__idf_efuse.dir/src/esp_efuse_startup.c.obj
[520/609] Building C object esp-idf/efuse/CMakeFiles/__idf_efuse.dir/src/efuse_controller/keys/with_key_purposes/esp_efuse_api_key.c.obj
[521/609] Building C object esp-idf/esp_bootloader_format/CMakeFiles/__idf_esp_bootloader_format.dir/esp_bootloader_desc.c.obj
[522/609] Building C object esp-idf/efuse/CMakeFiles/__idf_efuse.dir/src/esp_efuse_utility.c.obj
[523/609] Building C object esp-idf/esp_app_format/CMakeFiles/__idf_esp_app_format.dir/esp_app_desc.c.obj
[524/609] Building C object esp-idf/esp_partition/CMakeFiles/__idf_esp_partition.dir/partition_target.c.obj
[525/609] Linking C static library esp-idf/efuse/libefuse.a
[526/609] Building C object esp-idf/esp_partition/CMakeFiles/__idf_esp_partition.dir/partition.c.obj
[527/609] Building C object esp-idf/esp_hal_security/CMakeFiles/__idf_esp_hal_security.dir/mpi_hal.c.obj
[528/609] Linking C static library esp-idf/esp_partition/libesp_partition.a
[529/609] Building C object esp-idf/app_update/CMakeFiles/__idf_app_update.dir/esp_ota_ops.c.obj
[530/609] Building C object esp-idf/esp_hal_security/CMakeFiles/__idf_esp_hal_security.dir/ecc_hal.c.obj
[531/609] Linking C static library esp-idf/app_update/libapp_update.a
[532/609] Linking C static library esp-idf/esp_bootloader_format/libesp_bootloader_format.a
[533/609] Building C object esp-idf/esp_hal_security/CMakeFiles/__idf_esp_hal_security.dir/sha_hal.c.obj
[534/609] Building C object esp-idf/esp_hal_security/CMakeFiles/__idf_esp_hal_security.dir/hmac_hal.c.obj
[535/609] Building C object esp-idf/esp_hal_security/CMakeFiles/__idf_esp_hal_security.dir/aes_hal.c.obj
[536/609] Building C object esp-idf/esp_hal_security/CMakeFiles/__idf_esp_hal_security.dir/ds_hal.c.obj
[537/609] Building C object esp-idf/esp_hal_security/CMakeFiles/__idf_esp_hal_security.dir/ecdsa_hal.c.obj
[538/609] Linking C static library esp-idf/esp_app_format/libesp_app_format.a
[539/609] Building C object esp-idf/esp_hal_security/CMakeFiles/__idf_esp_hal_security.dir/huk_hal.c.obj
[540/609] Building C object esp-idf/esp_hal_security/CMakeFiles/__idf_esp_hal_security.dir/key_mgr_hal.c.obj
[541/609] Building C object esp-idf/esp_hal_mspi/CMakeFiles/__idf_esp_hal_mspi.dir/spi_flash_encrypt_hal_iram.c.obj
[542/609] Building C object esp-idf/esp_hal_security/CMakeFiles/__idf_esp_hal_security.dir/apm_hal.c.obj
[543/609] Building C object esp-idf/esp_hal_mspi/CMakeFiles/__idf_esp_hal_mspi.dir/spi_flash_hal.c.obj
[544/609] Building C object esp-idf/esp_hal_mspi/CMakeFiles/__idf_esp_hal_mspi.dir/esp32p4/mspi_periph.c.obj
[545/609] Linking C static library esp-idf/esp_hal_security/libesp_hal_security.a
[546/609] Building C object esp-idf/esp_hal_gpspi/CMakeFiles/__idf_esp_hal_gpspi.dir/esp32p4/spi_periph.c.obj
[547/609] Building C object esp-idf/esp_hal_gpspi/CMakeFiles/__idf_esp_hal_gpspi.dir/spi_hal.c.obj
[548/609] Building C object esp-idf/esp_hal_clock/CMakeFiles/__idf_esp_hal_clock.dir/esp32p4/clk_tree_hal.c.obj
[549/609] Building C object esp-idf/esp_hal_mspi/CMakeFiles/__idf_esp_hal_mspi.dir/spi_flash_hal_iram.c.obj
[550/609] Building C object esp-idf/esp_hal_gpspi/CMakeFiles/__idf_esp_hal_gpspi.dir/spi_slave_hal.c.obj
[551/609] Building C object esp-idf/esp_hal_mspi/CMakeFiles/__idf_esp_hal_mspi.dir/spi_flash_hal_gpspi.c.obj
[552/609] Linking C static library esp-idf/esp_hal_mspi/libesp_hal_mspi.a
[553/609] Linking C static library esp-idf/esp_hal_clock/libesp_hal_clock.a
[554/609] Building C object esp-idf/esp_hal_dma/CMakeFiles/__idf_esp_hal_dma.dir/esp32p4/gdma_periph.c.obj
[555/609] Building C object esp-idf/esp_hal_gpspi/CMakeFiles/__idf_esp_hal_gpspi.dir/spi_slave_hal_iram.c.obj
[556/609] Building C object esp-idf/esp_hal_dma/CMakeFiles/__idf_esp_hal_dma.dir/gdma_hal_top.c.obj
[557/609] Building C object esp-idf/esp_hal_gpspi/CMakeFiles/__idf_esp_hal_gpspi.dir/spi_hal_iram.c.obj
[558/609] Building C object esp-idf/esp_hal_dma/CMakeFiles/__idf_esp_hal_dma.dir/dw_gdma_hal.c.obj
[559/609] Building C object esp-idf/esp_hal_dma/CMakeFiles/__idf_esp_hal_dma.dir/gdma_hal_crc_gen.c.obj
[560/609] Building C object esp-idf/esp_hal_dma/CMakeFiles/__idf_esp_hal_dma.dir/esp32p4/dma2d_periph.c.obj
[561/609] Building C object esp-idf/esp_hal_dma/CMakeFiles/__idf_esp_hal_dma.dir/dma2d_hal.c.obj
[562/609] Building C object esp-idf/esp_hal_dma/CMakeFiles/__idf_esp_hal_dma.dir/gdma_hal_ahb_v2.c.obj
[563/609] Building C object esp-idf/esp_stdio/CMakeFiles/__idf_esp_stdio.dir/stdio_port.c.obj
[564/609] Building C object esp-idf/esp_stdio/CMakeFiles/__idf_esp_stdio.dir/stdio_simple.c.obj
[565/609] Building C object esp-idf/riscv/CMakeFiles/__idf_riscv.dir/interrupt.c.obj
[566/609] Building C object esp-idf/riscv/CMakeFiles/__idf_riscv.dir/instruction_decode.c.obj
[567/609] Building C object esp-idf/riscv/CMakeFiles/__idf_riscv.dir/rv_utils.c.obj
[568/609] Building C object esp-idf/esp_hal_gpspi/CMakeFiles/__idf_esp_hal_gpspi.dir/spi_slave_hd_hal.c.obj
[569/609] Building ASM object esp-idf/riscv/CMakeFiles/__idf_riscv.dir/vectors.S.obj
[570/609] Building ASM object esp-idf/riscv/CMakeFiles/__idf_riscv.dir/vectors_clic.S.obj
[571/609] Linking C static library esp-idf/esp_hal_gpspi/libesp_hal_gpspi.a
[572/609] Building C object esp-idf/esp_stdio/CMakeFiles/__idf_esp_stdio.dir/stdio_syscalls_simple.c.obj
[573/609] Building C object esp-idf/esp_hal_dma/CMakeFiles/__idf_esp_hal_dma.dir/gdma_hal_axi.c.obj
[574/609] Linking C static library esp-idf/esp_hal_dma/libesp_hal_dma.a
[575/609] Building C object esp-idf/riscv/CMakeFiles/__idf_riscv.dir/interrupt_clic.c.obj
[576/609] Building C object esp-idf/esp_hal_ppa/CMakeFiles/__idf_esp_hal_ppa.dir/ppa_hal.c.obj
[577/609] Linking C static library esp-idf/esp_stdio/libesp_stdio.a
[578/609] Linking C static library esp-idf/riscv/libriscv.a
[579/609] Linking C static library esp-idf/esp_hal_ppa/libesp_hal_ppa.a
[580/609] Building C object esp-idf/esp_driver_ppa/CMakeFiles/__idf_esp_driver_ppa.dir/esp32p4/ppa_retention.c.obj
[581/609] Building C object esp-idf/esp_driver_ppa/CMakeFiles/__idf_esp_driver_ppa.dir/src/ppa_srm.c.obj
[582/609] Building C object esp-idf/esp_driver_ppa/CMakeFiles/__idf_esp_driver_ppa.dir/src/ppa_blend.c.obj
[583/609] Building C object esp-idf/main/CMakeFiles/__idf_main.dir/__/core/presentation.c.obj
[584/609] Building C object esp-idf/main/CMakeFiles/__idf_main.dir/presentation_p4.c.obj
[585/609] Building C object esp-idf/esp_driver_ppa/CMakeFiles/__idf_esp_driver_ppa.dir/src/ppa_fill.c.obj
[586/609] Building C object esp-idf/main/CMakeFiles/__idf_main.dir/__/world/schema.c.obj
[587/609] Building C object esp-idf/esp_driver_ppa/CMakeFiles/__idf_esp_driver_ppa.dir/src/ppa_core.c.obj
[588/609] Linking C static library esp-idf/esp_driver_ppa/libesp_driver_ppa.a
[589/609] Building C object esp-idf/main/CMakeFiles/__idf_main.dir/__/world/traversal.c.obj
[590/609] Building C object esp-idf/main/CMakeFiles/__idf_main.dir/__/world/recipe.c.obj
[591/609] Building C object esp-idf/main/CMakeFiles/__idf_main.dir/__/world/geometry.c.obj
[592/609] Building C object esp-idf/main/CMakeFiles/__idf_main.dir/__/world/resource.c.obj
[593/609] Building C object esp-idf/main/CMakeFiles/__idf_main.dir/__/world/social.c.obj
[594/609] Building C object esp-idf/main/CMakeFiles/__idf_main.dir/__/world/state.c.obj
[595/609] Building C object esp-idf/main/CMakeFiles/__idf_main.dir/main.c.obj
In file included from /media/cloud/2982-E16B/tactility_p4_work/repos/Tactility/release/TactilitySDK/0.8.0-dev-esp32p4/TactilitySDK/Libraries/lvgl/include/src/lv_init.h:16,
                 from /media/cloud/2982-E16B/tactility_p4_work/repos/Tactility/release/TactilitySDK/0.8.0-dev-esp32p4/TactilitySDK/Libraries/lvgl/include/lvgl.h:21,
                 from /media/cloud/2982-E16B/tactility_p4_work/repos/TactilityApps/Apps/CascadeTerrace/main/main.c:11:
/media/cloud/2982-E16B/tactility_p4_work/repos/Tactility/release/TactilitySDK/0.8.0-dev-esp32p4/TactilitySDK/Libraries/lvgl/include/src/lv_conf_internal.h:65:17: note: '#pragma message: Possible failure to include lv_conf.h, please read the comment in this file if you get errors'
   65 |         #pragma message("Possible failure to include lv_conf.h, please read the comment in this file if you get errors")
      |                 ^~~~~~~
[596/609] Building C object esp-idf/main/CMakeFiles/__idf_main.dir/__/content/cascade_adapter.c.obj
[597/609] Building C object esp-idf/main/CMakeFiles/__idf_main.dir/__/core/general_dialogue.c.obj
[598/609] Building C object esp-idf/main/CMakeFiles/__idf_main.dir/__/world/creature.c.obj
[599/609] Building C object esp-idf/main/CMakeFiles/__idf_main.dir/semantic-portable.c.obj
[600/609] Building C object esp-idf/main/CMakeFiles/__idf_main.dir/__/core/world.c.obj
[601/609] Building C object esp-idf/main/CMakeFiles/__idf_main.dir/__/core/decision.c.obj
[602/609] Building C object esp-idf/main/CMakeFiles/__idf_main.dir/__/world/persistence.c.obj
[603/609] Building C object esp-idf/main/CMakeFiles/__idf_main.dir/__/core/dialogue.c.obj
[604/609] Building C object esp-idf/main/CMakeFiles/__idf_main.dir/__/core/persistence.c.obj
[605/609] Building C object esp-idf/main/CMakeFiles/__idf_main.dir/__/research/rung_a/cognition.c.obj
[606/609] Building C object esp-idf/main/CMakeFiles/__idf_main.dir/__/core/state.c.obj
[607/609] Building C object esp-idf/main/CMakeFiles/__idf_main.dir/__/core/render.c.obj
[608/609] Linking C static library esp-idf/main/libmain.a
[609/609] Build ELF: cascadeterrace.app.elf
