{"epoch": 10, "validation_joint": 1.0, "validation_heads": [1.0, 1.0, 1.0, 1.0, 1.0, 1.0]}
{"epoch": 20, "validation_joint": 1.0, "validation_heads": [1.0, 1.0, 1.0, 1.0, 1.0, 1.0]}
{"epoch": 30, "validation_joint": 1.0, "validation_heads": [1.0, 1.0, 1.0, 1.0, 1.0, 1.0]}
{"epoch": 40, "validation_joint": 1.0, "validation_heads": [1.0, 1.0, 1.0, 1.0, 1.0, 1.0]}
{"epoch": 50, "validation_joint": 1.0, "validation_heads": [1.0, 1.0, 1.0, 1.0, 1.0, 1.0]}
{"epoch": 60, "validation_joint": 1.0, "validation_heads": [1.0, 1.0, 1.0, 1.0, 1.0, 1.0]}
{
  "architecture": "1536 hashed word/bigram buckets x 64 shared embedding; pooled ReLU; 6 independent linear heads",
  "parameters": 101294,
  "quantized_bytes": 101432,
  "float_training_bytes": 405176,
  "head_sizes": [
    13,
    19,
    6,
    3,
    2,
    3
  ],
  "heads": [
    "operator",
    "relation",
    "epistemic",
    "speech_act",
    "negation",
    "intervention"
  ],
  "training_worlds": 160,
  "training_utterances": 6720,
  "validation_worlds": 32,
  "epochs": 60,
  "selected_epoch": 2,
  "selection": "validation joint frame-head accuracy",
  "best_validation_joint_heads": 1.0,
  "seconds": 3.546576976776123,
  "seed": 72191,
  "int8_embedding_scale": 0.010435384698212147,
  "int8_output_scale": 0.011634319089353085,
  "training_ids_sha256": "6a301d01b2a9bb9663f1a2dca49a924ddee17a6b0180563561e745683bc323e8",
  "test_or_final_loaded": false,
  "confidence": "uncalibrated margin; not used to authorize propositions",
  "limitations": [
    "bag of word/bigram order, no learned long-term recurrent state",
    "entity binding supplied by deterministic data-driven linker",
    "second relation has no learned head; evaluated as failure",
    "int8 activations average with truncation, no floating point in C inference"
  ]
}
